<<<<<<< HEAD
This is pdfTeX, Version 3.141592653-2.6-1.40.26 (MiKTeX 24.4) (preloaded format=pdflatex 2024.8.2)  7 FEB 2025 15:59
=======
This is pdfTeX, Version 3.141592653-2.6-1.40.26 (MiKTeX 24.4) (preloaded format=pdflatex 2024.9.7)  7 FEB 2025 10:21
>>>>>>> origin/main
entering extended mode
 restricted \write18 enabled.
 %&-line parsing enabled.
**./main.tex
(main.tex
LaTeX2e <2024-06-01> patch level 2
L3 programming layer <2024-08-16>
(ppgec.cls
Document Class: ppgec 2021/01/13 v1.0 Modelo PPGEC/UFRGS baseado em abnTeX2
(C:\Users\bianc\AppData\Local\Programs\MiKTeX\tex/latex/abntex2\abntex2.cls
Document Class: abntex2 2018/11/24 v-1.9.7 abnTeX2
(C:\Users\bianc\AppData\Local\Programs\MiKTeX\tex/latex/base\ifthen.sty
Package: ifthen 2024/03/16 v1.1e Standard LaTeX ifthen package (DPC)
)
(C:\Users\bianc\AppData\Local\Programs\MiKTeX\tex/latex/memoir\memoir.cls
Document Class: memoir 2024/01/26 v3.8.2 configurable book, report, article doc
ument class
(C:\Users\bianc\AppData\Local\Programs\MiKTeX\tex/latex/xpatch\xpatch.sty
(C:\Users\bianc\AppData\Local\Programs\MiKTeX\tex/latex/l3kernel\expl3.sty
Package: expl3 2024-08-16 L3 programming layer (loader) 

(C:\Users\bianc\AppData\Local\Programs\MiKTeX\tex/latex/l3backend\l3backend-pdf
tex.def
File: l3backend-pdftex.def 2024-05-08 L3 backend support: PDF output (pdfTeX)
\l__color_backend_stack_int=\count194
\l__pdf_internal_box=\box52
))
Package: xpatch 2020/03/25 v0.3a Extending etoolbox patching commands

(C:\Users\bianc\AppData\Local\Programs\MiKTeX\tex/latex/l3packages/xparse\xpars
e.sty
Package: xparse 2024-08-16 L3 Experimental document command parser
)
(C:\Users\bianc\AppData\Local\Programs\MiKTeX\tex/latex/etoolbox\etoolbox.sty
Package: etoolbox 2020/10/05 v2.5k e-TeX tools for LaTeX (JAW)
\etb@tempcnta=\count195
))
\onelineskip=\skip49
\lxvchars=\skip50
\xlvchars=\skip51
\@memcnta=\count196
\c@@memmarkcntra=\count197
(C:\Users\bianc\AppData\Local\Programs\MiKTeX\tex/generic/iftex\iftex.sty
Package: iftex 2022/02/03 v1.0f TeX engine tests
)
\trimtop=\skip52
\trimedge=\skip53

(C:\Users\bianc\AppData\Local\Programs\MiKTeX\tex/latex/memoir\mem12.clo
File: mem12.clo 2022/07/29 v0.5 memoir class 12pt size option
)
\binding=\skip54
\spinemargin=\skip55
\foremargin=\skip56
\uppermargin=\skip57
\lowermargin=\skip58
\headdrop=\skip59
\normalrulethickness=\skip60
\mem@maxheadheight=\skip61
\mem@maxfootheight=\skip62
\headwidth=\skip63
\c@storedpagenumber=\count198
\memPD=\dimen141
\m@mabparskip=\skip64
\thanksmarkwidth=\skip65
\thanksmarksep=\skip66
\droptitle=\skip67
\c@book=\count199
\c@part=\count266
\c@chapter=\count267
\c@section=\count268
\c@subsection=\count269
\c@subsubsection=\count270
\c@paragraph=\count271
\c@subparagraph=\count272
\beforechapskip=\skip68
\midchapskip=\skip69
\afterchapskip=\skip70
\chapindent=\skip71
\bottomsectionskip=\skip72
\secindent=\skip73
\beforesecskip=\skip74
\aftersecskip=\skip75
\subsecindent=\skip76
\beforesubsecskip=\skip77
\aftersubsecskip=\skip78
\subsubsecindent=\skip79
\beforesubsubsecskip=\skip80
\aftersubsubsecskip=\skip81
\paraindent=\skip82
\beforeparaskip=\skip83
\afterparaskip=\skip84
\subparaindent=\skip85
\beforesubparaskip=\skip86
\aftersubparaskip=\skip87
\pfbreakskip=\skip88
\c@@ppsavesec=\count273
\c@@ppsaveapp=\count274
\ragrparindent=\dimen142
\everylistparindent=\dimen143
\parsepi=\skip89
\topsepi=\skip90
\itemsepi=\skip91
\parsepii=\skip92
\topsepii=\skip93
\topsepiii=\skip94
\itemsepii=\skip95
\itemsepiii=\skip96
\partopsepii=\skip97
\partopsepiii=\skip98
\m@msavetopsep=\skip99
\m@msavepartopsep=\skip100
\@enLab=\toks17
\abstitleskip=\skip101
\absleftindent=\skip102
\abs@leftindent=\dimen144
\absrightindent=\skip103
\absparindent=\skip104
\absparsep=\skip105
\c@vslineno=\count275
\c@poemline=\count276
\c@modulo@vs=\count277
\c@memfvsline=\count278
\vleftskip=\skip106
\vrightskip=\skip107
\stanzaskip=\skip108
\versewidth=\skip109
\vgap=\skip110
\vindent=\skip111
\vleftmargin=\dimen145
\c@verse=\count279
\c@chrsinstr=\count280
\beforepoemtitleskip=\skip112
\afterpoemtitleskip=\skip113
\c@poem=\count281
\beforePoemTitleskip=\skip114
\midPoemTitleskip=\skip115
\afterPoemTitleskip=\skip116

(C:\Users\bianc\AppData\Local\Programs\MiKTeX\tex/latex/tools\array.sty
Package: array 2024/06/14 v2.6d Tabular extension package (FMi)
\col@sep=\dimen146
\ar@mcellbox=\box53
\extrarowheight=\dimen147
\NC@list=\toks18
\extratabsurround=\skip117
\backup@length=\skip118
\ar@cellbox=\box54
)
(C:\Users\bianc\AppData\Local\Programs\MiKTeX\tex/latex/tools\dcolumn.sty
Package: dcolumn 2023/07/08 v1.06 decimal alignment package (DPC)
)
(C:\Users\bianc\AppData\Local\Programs\MiKTeX\tex/latex/tools\delarray.sty
Package: delarray 2014/10/28 v1.01 array delimiter package (DPC)
)
(C:\Users\bianc\AppData\Local\Programs\MiKTeX\tex/latex/tools\tabularx.sty
Package: tabularx 2023/12/11 v2.12a `tabularx' package (DPC)
\TX@col@width=\dimen148
\TX@old@table=\dimen149
\TX@old@col=\dimen150
\TX@target=\dimen151
\TX@delta=\dimen152
\TX@cols=\count282
\TX@ftn=\toks19
)
(C:\Users\bianc\AppData\Local\Programs\MiKTeX\tex/latex/booktabs\booktabs.sty
Package: booktabs 2020/01/12 v1.61803398 Publication quality tables
\heavyrulewidth=\dimen153
\lightrulewidth=\dimen154
\cmidrulewidth=\dimen155
\belowrulesep=\dimen156
\belowbottomsep=\dimen157
\aboverulesep=\dimen158
\abovetopsep=\dimen159
\cmidrulesep=\dimen160
\cmidrulekern=\dimen161
\defaultaddspace=\dimen162
\@cmidla=\count283
\@cmidlb=\count284
\@aboverulesep=\dimen163
\@belowrulesep=\dimen164
\@thisruleclass=\count285
\@lastruleclass=\count286
\@thisrulewidth=\dimen165
)
\ctableftskip=\skip119
\ctabrightskip=\skip120
\abovecolumnspenalty=\count287
\@linestogo=\count288
\@cellstogo=\count289
\@cellsincolumn=\count290
\crtok=\toks20
\@mincolumnwidth=\dimen166
\c@newflo@tctr=\count291
\mem@margin@floatbox=\box55
\@contcwidth=\skip121
\@contindw=\skip122
\abovecaptionskip=\skip123
\belowcaptionskip=\skip124
\subfloattopskip=\skip125
\subfloatcapskip=\skip126
\subfloatcaptopadj=\skip127
\subfloatbottomskip=\skip128
\subfloatlabelskip=\skip129
\subfloatcapmargin=\dimen167
\c@@contsubnum=\count292
\m@mscap@capbox=\box56
\m@mscap@fbox=\box57
\sidecapsep=\dimen168
\sidecapwidth=\dimen169
\m@m@tempdima=\dimen170
\m@mscapraise=\dimen171
\sidecapraise=\dimen172
\m@mscapmainwidth=\dimen173
\m@mscaplkern=\dimen174
\beforeepigraphskip=\skip130
\afterepigraphskip=\skip131
\epigraphwidth=\skip132
\epigraphrule=\skip133
LaTeX Info: Redefining \em on input line 6932.
LaTeX Info: Redefining \emph on input line 6940.

(C:\Users\bianc\AppData\Local\Programs\MiKTeX\tex/latex/hyperref\nameref.sty
Package: nameref 2023-11-26 v2.56 Cross-referencing by name of section

(C:\Users\bianc\AppData\Local\Programs\MiKTeX\tex/latex/refcount\refcount.sty
Package: refcount 2019/12/15 v3.6 Data extraction from label references (HO)

(C:\Users\bianc\AppData\Local\Programs\MiKTeX\tex/generic/ltxcmds\ltxcmds.sty
Package: ltxcmds 2023-12-04 v1.26 LaTeX kernel commands for general use (HO)
)
(C:\Users\bianc\AppData\Local\Programs\MiKTeX\tex/generic/infwarerr\infwarerr.s
ty
Package: infwarerr 2019/12/03 v1.5 Providing info/warning/error messages (HO)
))
(C:\Users\bianc\AppData\Local\Programs\MiKTeX\tex/generic/gettitlestring\gettit
lestring.sty
Package: gettitlestring 2019/12/15 v1.6 Cleanup title references (HO)

(C:\Users\bianc\AppData\Local\Programs\MiKTeX\tex/latex/kvoptions\kvoptions.sty
Package: kvoptions 2022-06-15 v3.15 Key value format for package options (HO)
(C:\Users\bianc\AppData\Local\Programs\MiKTeX\tex/latex/graphics\keyval.sty
Package: keyval 2022/05/29 v1.15 key=value parser (DPC)
\KV@toks@=\toks21
)
(C:\Users\bianc\AppData\Local\Programs\MiKTeX\tex/latex/kvsetkeys\kvsetkeys.sty
Package: kvsetkeys 2022-10-05 v1.19 Key value parser (HO)
)))
\c@section@level=\count293
)
\tocentryskip=\skip134
\tocbaseline=\skip135
\cftparskip=\skip136
\cftbeforebookskip=\skip137
\cftbookindent=\dimen175
\cftbooknumwidth=\dimen176
\cftbeforepartskip=\skip138
\cftpartindent=\skip139
\cftpartnumwidth=\skip140
\cftbeforechapterskip=\skip141
\cftchapterindent=\skip142
\cftchapternumwidth=\skip143
\cftbeforesectionskip=\skip144
\cftsectionindent=\skip145
\cftsectionnumwidth=\skip146
\cftbeforesubsectionskip=\skip147
\cftsubsectionindent=\skip148
\cftsubsectionnumwidth=\skip149
\cftbeforesubsubsectionskip=\skip150
\cftsubsubsectionindent=\skip151
\cftsubsubsectionnumwidth=\skip152
\cftbeforeparagraphskip=\skip153
\cftparagraphindent=\skip154
\cftparagraphnumwidth=\skip155
\cftbeforesubparagraphskip=\skip156
\cftsubparagraphindent=\skip157
\cftsubparagraphnumwidth=\skip158
\prechapterprecisshift=\dimen177
\c@maxsecnumdepth=\count294
\bibindent=\dimen178
\bibitemsep=\skip159
\indexcolsep=\skip160
\indexrule=\skip161
\indexmarkstyle=\toks22
\@indexbox=\insert252
LaTeX Info: Redefining \raggedbottom on input line 7935.
LaTeX Info: Redefining \flushbottom on input line 7939.
\glossarycolsep=\dimen179
\glossaryrule=\dimen180
\sideparvshift=\skip162
\sideins=\insert251
\sidebartopsep=\skip163
\sidebarhsep=\skip164
\sidebarvsep=\skip165
\sidebarwidth=\skip166
\footmarkwidth=\skip167
\footmarksep=\skip168
\footparindent=\skip169
\footinsdim=\skip170
\footinsv@r=\insert250
\@mpfootinsv@r=\insert249
\m@m@k=\count295
\m@m@h=\dimen181
\m@mipn@skip=\skip171
\sidefootins=\insert248
\sidefootadjust=\skip172
\sidefootheight=\skip173
\sidefoothsep=\skip174
\sidefootvsep=\skip175
\sidefootwidth=\skip176
\m@mdownsf=\skip177
\c@sidefootnote=\count296
\sidefootmarkwidth=\skip178
\sidefootmarksep=\skip179
\sidefootparindent=\skip180
\c@pagenote=\count297
\c@pagenoteshadow=\count298
\mem@pn@lastkern=\skip181
 (C:\Users\bianc\AppData\Local\Programs\MiKTeX\tex/latex/tools\verbatim.sty
Package: verbatim 2024-01-22 v1.5x LaTeX2e package for verbatim enhancements
\every@verbatim=\toks23
\verbatim@line=\toks24
\verbatim@in@stream=\read2
)
\verbatimindent=\skip182
\verbatim@out=\write3
 (C:\Users\bianc\AppData\Local\Programs\MiKTeX\tex/latex/base\shortvrb.sty
Package: shortvrb 2024/04/26 v3.0p Standard LaTeX documentation package V3 (FMi
)
)
\bvboxsep=\skip183
\c@memfbvline=\count299
\c@bvlinectr=\count300
\bvnumlength=\skip184
\fb@frw=\dimen182
\fb@frh=\dimen183
\FrameRule=\dimen184
\FrameSep=\dimen185
\c@cp@cntr=\count301
\c@ism@mctr=\count302
\c@xsm@mctr=\count303
\c@csm@mctr=\count304
\c@ksm@mctr=\count305
\c@xksm@mctr=\count306
\c@cksm@mctr=\count307
\c@msm@mctr=\count308
\c@xmsm@mctr=\count309
\c@cmsm@mctr=\count310
\c@bsm@mctr=\count311
\c@workm@mctr=\count312
\c@sheetsequence=\count313
\c@lastsheet=\count314
\c@lastpage=\count315

(C:\Users\bianc\AppData\Local\Programs\MiKTeX\tex/latex/textcase\textcase.sty
Package: textcase 2023/07/27 v1.04 Text only upper/lower case changing (DPC)
Package textcase Info: Defining Legacy names on input line 20.
)
\c@figure=\count316
\c@lofdepth=\count317
\cftbeforefigureskip=\skip185
\cftfigureindent=\skip186
\cftfigurenumwidth=\skip187
\c@table=\count318
\c@lotdepth=\count319
\cftbeforetableskip=\skip188
\cfttableindent=\skip189
\cfttablenumwidth=\skip190
Package abstract [2008/07/23] emulated by memoir.
Package appendix [2008/07/23] emulated by memoir.
Package ccaption [2008/07/23] emulated by memoir.
Package changepage [2008/07/23] emulated by memoir.
Package chngcntr [2008/07/23] emulated by memoir.
Package chngpage [2008/07/23] emulated by memoir.
Package crop emulated by memoir.
Package enumerate [2008/07/23] emulated by memoir.
Package epigraph [2008/07/23] emulated by memoir.
Package ifmtarg [2008/07/23] emulated by memoir.
Package index [2008/07/23] emulated by memoir.
Package makeidx [2008/07/23] emulated by memoir.
Package moreverb [2008/07/23] emulated by memoir.
Package needspace [2008/07/23] emulated by memoir.
Package newfile [2008/07/23] emulated by memoir.
Package nextpage [2008/07/23] emulated by memoir.
Package pagenote [2008/07/23] emulated by memoir.
Package parskip [2008/07/23] emulated by memoir.
Package patchcmd [2008/07/23] emulated by memoir.
Package setspace [2008/07/23] emulated by memoir.
Package shortvrb [2008/07/23] emulated by memoir.
Package showidx [2008/07/23] emulated by memoir.
Package titleref [2008/07/23] emulated by memoir.
Package titling [2008/07/23] emulated by memoir.
Package tocbibind [2008/07/23] emulated by memoir.
Package tocloft [2008/07/23] emulated by memoir.
Package tocvsec2 [2008/07/23] emulated by memoir.
Package verbatim [2008/07/23] emulated by memoir.
Package verse [2008/07/23] emulated by memoir.
) (C:\Users\bianc\AppData\Local\Programs\MiKTeX\tex/latex/hyperref\hyperref.sty
Package: hyperref 2024-07-10 v7.01j Hypertext links for LaTeX

(C:\Users\bianc\AppData\Local\Programs\MiKTeX\tex/generic/kvdefinekeys\kvdefine
keys.sty
Package: kvdefinekeys 2019-12-19 v1.6 Define keys (HO)
)
(C:\Users\bianc\AppData\Local\Programs\MiKTeX\tex/generic/pdfescape\pdfescape.s
ty
Package: pdfescape 2019/12/09 v1.15 Implements pdfTeX's escape features (HO)

(C:\Users\bianc\AppData\Local\Programs\MiKTeX\tex/generic/pdftexcmds\pdftexcmds
.sty
Package: pdftexcmds 2020-06-27 v0.33 Utility functions of pdfTeX for LuaTeX (HO
)
Package pdftexcmds Info: \pdf@primitive is available.
Package pdftexcmds Info: \pdf@ifprimitive is available.
Package pdftexcmds Info: \pdfdraftmode found.
))
(C:\Users\bianc\AppData\Local\Programs\MiKTeX\tex/latex/hycolor\hycolor.sty
Package: hycolor 2020-01-27 v1.10 Color options for hyperref/bookmark (HO)
)
(C:\Users\bianc\AppData\Local\Programs\MiKTeX\tex/generic/stringenc\stringenc.s
ty
Package: stringenc 2019/11/29 v1.12 Convert strings between diff. encodings (HO
)
)
\@linkdim=\dimen186
\Hy@linkcounter=\count320
\Hy@pagecounter=\count321
 (C:\Users\bianc\AppData\Local\Programs\MiKTeX\tex/latex/hyperref\pd1enc.def
File: pd1enc.def 2024-07-10 v7.01j Hyperref: PDFDocEncoding definition (HO)
Now handling font encoding PD1 ...
... no UTF-8 mapping file for font encoding PD1
) (C:\Users\bianc\AppData\Local\Programs\MiKTeX\tex/generic/intcalc\intcalc.sty
Package: intcalc 2019/12/15 v1.3 Expandable calculations with integers (HO)
)
\Hy@SavedSpaceFactor=\count322
 (C:\Users\bianc\AppData\Local\Programs\MiKTeX\tex/latex/hyperref\puenc.def
File: puenc.def 2024-07-10 v7.01j Hyperref: PDF Unicode definition (HO)
Now handling font encoding PU ...
... no UTF-8 mapping file for font encoding PU
)
Package hyperref Info: Hyper figures OFF on input line 4157.
Package hyperref Info: Link nesting OFF on input line 4162.
Package hyperref Info: Hyper index ON on input line 4165.
Package hyperref Info: Plain pages OFF on input line 4172.
Package hyperref Info: Backreferencing OFF on input line 4177.
Package hyperref Info: Implicit mode ON; LaTeX internals redefined.
Package hyperref Info: Bookmarks ON on input line 4424.
\c@Hy@tempcnt=\count323

(C:\Users\bianc\AppData\Local\Programs\MiKTeX\tex/latex/url\url.sty
\Urlmuskip=\muskip17
Package: url 2013/09/16  ver 3.4  Verb mode for urls, etc.
)
LaTeX Info: Redefining \url on input line 4763.
\XeTeXLinkMargin=\dimen187

(C:\Users\bianc\AppData\Local\Programs\MiKTeX\tex/generic/bitset\bitset.sty
Package: bitset 2019/12/09 v1.3 Handle bit-vector datatype (HO)

(C:\Users\bianc\AppData\Local\Programs\MiKTeX\tex/generic/bigintcalc\bigintcalc
.sty
Package: bigintcalc 2019/12/15 v1.5 Expandable calculations on big integers (HO
)
))
\Fld@menulength=\count324
\Field@Width=\dimen188
\Fld@charsize=\dimen189
Package hyperref Info: Hyper figures OFF on input line 6042.
Package hyperref Info: Link nesting OFF on input line 6047.
Package hyperref Info: Hyper index ON on input line 6050.
Package hyperref Info: backreferencing OFF on input line 6057.
Package hyperref Info: Link coloring OFF on input line 6062.
Package hyperref Info: Link coloring with OCG OFF on input line 6067.
Package hyperref Info: PDF/A mode OFF on input line 6072.

(C:\Users\bianc\AppData\Local\Programs\MiKTeX\tex/latex/base\atbegshi-ltx.sty
Package: atbegshi-ltx 2021/01/10 v1.0c Emulation of the original atbegshi
package with kernel methods
)
\Hy@abspage=\count325
\c@Item=\count326
\c@Hfootnote=\count327
)
Package hyperref Info: Driver (autodetected): hpdftex.
(C:\Users\bianc\AppData\Local\Programs\MiKTeX\tex/latex/hyperref\hpdftex.def
File: hpdftex.def 2024-07-10 v7.01j Hyperref driver for pdfTeX

(C:\Users\bianc\AppData\Local\Programs\MiKTeX\tex/latex/base\atveryend-ltx.sty
Package: atveryend-ltx 2020/08/19 v1.0a Emulation of the original atveryend pac
kage
with kernel methods
)
\Fld@listcount=\count328
\c@bookmark@seq@number=\count329

(C:\Users\bianc\AppData\Local\Programs\MiKTeX\tex/latex/rerunfilecheck\rerunfil
echeck.sty
Package: rerunfilecheck 2022-07-10 v1.10 Rerun checks for auxiliary files (HO)

(C:\Users\bianc\AppData\Local\Programs\MiKTeX\tex/generic/uniquecounter\uniquec
ounter.sty
Package: uniquecounter 2019/12/15 v1.4 Provide unlimited unique counter (HO)
)
Package uniquecounter Info: New unique counter `rerunfilecheck' on input line 2
85.
)
\Hy@SectionHShift=\skip191
)
(C:\Users\bianc\AppData\Local\Programs\MiKTeX\tex/latex/memoir\memhfixc.sty
Package: memhfixc 2023/09/10 v1.22 hyperref package fixes for memoir class
\c@memhycontfloat=\count330
\c@Hpagenote=\count331
)
(C:\Users\bianc\AppData\Local\Programs\MiKTeX\tex/latex/bookmark\bookmark.sty
Package: bookmark 2023-12-10 v1.31 PDF bookmarks (HO)

(C:\Users\bianc\AppData\Local\Programs\MiKTeX\tex/latex/bookmark\bkm-pdftex.def
File: bkm-pdftex.def 2023-12-10 v1.31 bookmark driver for pdfTeX and luaTeX (HO
)
\BKM@id=\count332
)) (C:\Users\bianc\AppData\Local\Programs\MiKTeX\tex/generic/babel\babel.sty
Package: babel 2024/08/29 v24.9 The Babel package
\babel@savecnt=\count333
\U@D=\dimen190
\l@unhyphenated=\language79

(C:\Users\bianc\AppData\Local\Programs\MiKTeX\tex/generic/babel\txtbabel.def)
\bbl@readstream=\read3
\bbl@dirlevel=\count334

*************************************
* Local config file bblopts.cfg used
*
(C:\Users\bianc\AppData\Local\Programs\MiKTeX\tex/latex/arabi\bblopts.cfg
File: bblopts.cfg 2005/09/08 v0.1 add Arabic and Farsi to "declared" options of
 babel
)
(C:\Users\bianc\AppData\Local\Programs\MiKTeX\tex/latex/babel-portuges\brazil.l
df
Language: portuges 2021/07/09 v1.2t Portuguese support from the babel system
Package babel Info: Hyphen rules for 'brazil' set to \l@portuguese
(babel)             (\language56). Reported on input line 111.
Package babel Info: Making " an active character on input line 143.
))
(C:\Users\bianc\AppData\Local\Programs\MiKTeX\tex/latex/enumitem\enumitem.sty
Package: enumitem 2019/06/20 v3.9 Customized lists
\labelindent=\skip192
\enit@outerparindent=\dimen191
\enit@toks=\toks25
\enit@inbox=\box58
\enit@count@id=\count335
\enitdp@description=\count336
)
(C:\Users\bianc\AppData\Local\Programs\MiKTeX\tex/latex/tools\calc.sty
Package: calc 2023/07/08 v4.3 Infix arithmetic (KKT,FJ)
\calc@Acount=\count337
\calc@Bcount=\count338
\calc@Adimen=\dimen192
\calc@Bdimen=\dimen193
\calc@Askip=\skip193
\calc@Bskip=\skip194
LaTeX Info: Redefining \setlength on input line 80.
LaTeX Info: Redefining \addtolength on input line 81.
\calc@Ccount=\count339
\calc@Cskip=\skip195
)

******************************************************
Stock height and width: 845.04684pt by 597.50787pt
Top and edge trims: 0pt and 0pt
Page height and width: 845.04684pt by 597.50787pt
Text height and width: 708pt by 455pt
Spine and edge margins: 85.35826pt and 56.9055pt
Upper and lower margins: 85.35826pt and 51.68858pt
Headheight and headsep: 14.5pt and 19.8738pt
Footskip: 30pt
Columnsep and columnseprule: 10pt and 0pt
Marginparsep and marginparwidth: 7pt and 42.9055pt
Sidecapsep and sidecapwidth: 7pt and 42pt
Sidebarhsep and sidebarwidth: 7pt and 42pt
Sidebarvsep and sidebartopsep: 14.5pt and 0pt
Sidebarheight: 590.14995pt
Sidefoothsep and sidefootwidth: 7pt and 42pt
Sidefootvsep and sidefootheight: 14.5pt and 590.14995pt
******************************************************

\c@abntex@bookmarkcounter=\count340
\cftlastnumwidth=\skip196
\chapternamenumlength=\skip197
\ABNTEXcitacaorecuo=\skip198
\c@alineasi=\count341
\c@alineasii=\count342
\enitdp@alineas=\count343
\c@subalineasi=\count344
\enitdp@subalineas=\count345
\c@incisosi=\count346
\enitdp@incisos=\count347
\ABNTEXsignwidth=\skip199
\ABNTEXsignthickness=\skip256
\ABNTEXsignskip=\skip257
) (C:\Users\bianc\AppData\Local\Programs\MiKTeX\tex/latex/hyperref\backref.sty
Package: backref 2023-11-26 v1.44 Bibliographical back referencing
)
(C:\Users\bianc\AppData\Local\Programs\MiKTeX\tex/latex/abntex2\abntex2cite.sty
Package: abntex2cite 2018/11/24 v-1.9.7 abnTeX2

(C:\Users\bianc\AppData\Local\Programs\MiKTeX\tex/latex/abntex2\abntex2abrev.st
y)
\minimumbiblabelwidth=\skip258
\ABCIauxlen=\skip259
\c@ABCIaux=\count348
\c@ABCImax=\count349
 (C:\Users\bianc\AppData\Local\Programs\MiKTeX\tex/generic/iftex\ifpdf.sty
Package: ifpdf 2019/10/25 v3.4 ifpdf legacy package. Use iftex instead.
)
(C:\Users\bianc\AppData\Local\Programs\MiKTeX\tex/generic/iftex\ifxetex.sty
Package: ifxetex 2019/10/25 v0.7 ifxetex legacy package. Use iftex instead.
)
(C:\Users\bianc\AppData\Local\Programs\MiKTeX\tex/latex/relsize\relsize.sty
Package: relsize 2013/03/29 ver 4.1
)
\biblabelsep=\skip260
LaTeX Info: Redefining \newblock on input line 591.
LaTeX Info: Redefining \cite on input line 618.
\ABCItoken=\toks26
)
(C:\Users\bianc\AppData\Local\Programs\MiKTeX\tex/latex/amsfonts\amssymb.sty
Package: amssymb 2013/01/14 v3.01 AMS font symbols

(C:\Users\bianc\AppData\Local\Programs\MiKTeX\tex/latex/amsfonts\amsfonts.sty
Package: amsfonts 2013/01/14 v3.01 Basic AMSFonts support
\@emptytoks=\toks27
\symAMSa=\mathgroup4
\symAMSb=\mathgroup5
LaTeX Font Info:    Redeclaring math symbol \hbar on input line 98.
LaTeX Font Info:    Overwriting math alphabet `\mathfrak' in version `bold'
(Font)                  U/euf/m/n --> U/euf/b/n on input line 106.
)) (C:\Users\bianc\AppData\Local\Programs\MiKTeX\tex/latex/amsmath\amsmath.sty
Package: amsmath 2024/05/23 v2.17q AMS math features
\@mathmargin=\skip261

For additional information on amsmath, use the `?' option.
(C:\Users\bianc\AppData\Local\Programs\MiKTeX\tex/latex/amsmath\amstext.sty
Package: amstext 2021/08/26 v2.01 AMS text

(C:\Users\bianc\AppData\Local\Programs\MiKTeX\tex/latex/amsmath\amsgen.sty
File: amsgen.sty 1999/11/30 v2.0 generic functions
\@emptytoks=\toks28
\ex@=\dimen194
))
(C:\Users\bianc\AppData\Local\Programs\MiKTeX\tex/latex/amsmath\amsbsy.sty
Package: amsbsy 1999/11/29 v1.2d Bold Symbols
\pmbraise@=\dimen195
)
(C:\Users\bianc\AppData\Local\Programs\MiKTeX\tex/latex/amsmath\amsopn.sty
Package: amsopn 2022/04/08 v2.04 operator names
)
\inf@bad=\count350
LaTeX Info: Redefining \frac on input line 233.
\uproot@=\count351
\leftroot@=\count352
LaTeX Info: Redefining \overline on input line 398.
LaTeX Info: Redefining \colon on input line 409.
\classnum@=\count353
\DOTSCASE@=\count354
LaTeX Info: Redefining \ldots on input line 495.
LaTeX Info: Redefining \dots on input line 498.
LaTeX Info: Redefining \cdots on input line 619.
\Mathstrutbox@=\box59
\strutbox@=\box60
LaTeX Info: Redefining \big on input line 721.
LaTeX Info: Redefining \Big on input line 722.
LaTeX Info: Redefining \bigg on input line 723.
LaTeX Info: Redefining \Bigg on input line 724.
\big@size=\dimen196
LaTeX Font Info:    Redeclaring font encoding OML on input line 742.
LaTeX Font Info:    Redeclaring font encoding OMS on input line 743.
\macc@depth=\count355
LaTeX Info: Redefining \bmod on input line 904.
LaTeX Info: Redefining \pmod on input line 909.
LaTeX Info: Redefining \smash on input line 939.
LaTeX Info: Redefining \relbar on input line 969.
LaTeX Info: Redefining \Relbar on input line 970.
\c@MaxMatrixCols=\count356
\dotsspace@=\muskip18
\c@parentequation=\count357
\dspbrk@lvl=\count358
\tag@help=\toks29
\row@=\count359
\column@=\count360
\maxfields@=\count361
\andhelp@=\toks30
\eqnshift@=\dimen197
\alignsep@=\dimen198
\tagshift@=\dimen199
\tagwidth@=\dimen256
\totwidth@=\dimen257
\lineht@=\dimen258
\@envbody=\toks31
\multlinegap=\skip262
\multlinetaggap=\skip263
\mathdisplay@stack=\toks32
LaTeX Info: Redefining \[ on input line 2953.
LaTeX Info: Redefining \] on input line 2954.
)
(C:\Users\bianc\AppData\Local\Programs\MiKTeX\tex/latex/base\textcomp.sty
Package: textcomp 2024/04/24 v2.1b Standard LaTeX package
)
(C:\Users\bianc\AppData\Local\Programs\MiKTeX\tex/latex/tools\bm.sty
Package: bm 2023/12/19 v1.2f Bold Symbol Support (DPC/FMi)
\symboldoperators=\mathgroup6
\symboldletters=\mathgroup7
\symboldsymbols=\mathgroup8
Package bm Info: No bold for \OMX/cmex/m/n, using \pmb.
Package bm Info: No bold for \U/msa/m/n, using \pmb.
Package bm Info: No bold for \U/msb/m/n, using \pmb.
LaTeX Font Info:    Redeclaring math alphabet \mathbf on input line 149.
)
(C:\Users\bianc\AppData\Local\Programs\MiKTeX\tex/latex/caption\caption.sty
Package: caption 2023/08/05 v3.6o Customizing captions (AR)

(C:\Users\bianc\AppData\Local\Programs\MiKTeX\tex/latex/caption\caption3.sty
Package: caption3 2023/07/31 v2.4d caption3 kernel (AR)
\caption@tempdima=\dimen259
\captionmargin=\dimen260
\caption@leftmargin=\dimen261
\caption@rightmargin=\dimen262
\caption@width=\dimen263
\caption@indent=\dimen264
\caption@parindent=\dimen265
\caption@hangindent=\dimen266
Package caption Info: memoir document class detected.

(C:\Users\bianc\AppData\Local\Programs\MiKTeX\tex/latex/caption\caption-memoir.
sto
File: caption-memoir.sto 2023/09/08 v2.2c Adaption of the caption package to th
e memoir document class (AR)
))
\c@caption@flags=\count362
\c@continuedfloat=\count363
Package caption Info: changepage package is loaded.
\caption@adjustwidth@hsize=\dimen267
\caption@adjustwidth@linewidth=\dimen268
Package caption Info: hyperref package is loaded.
)
(C:\Users\bianc\AppData\Local\Programs\MiKTeX\tex/latex/graphics\color.sty
Package: color 2024/01/14 v1.3d Standard LaTeX Color (DPC)

(C:\Users\bianc\AppData\Local\Programs\MiKTeX\tex/latex/graphics-cfg\color.cfg
File: color.cfg 2016/01/02 v1.6 sample color configuration
)
Package color Info: Driver file: pdftex.def on input line 149.

(C:\Users\bianc\AppData\Local\Programs\MiKTeX\tex/latex/graphics-def\pdftex.def
File: pdftex.def 2024/04/13 v1.2c Graphics/color driver for pdftex
)
(C:\Users\bianc\AppData\Local\Programs\MiKTeX\tex/latex/graphics\mathcolor.ltx)
) (C:\Users\bianc\AppData\Local\Programs\MiKTeX\tex/latex/fancyhdr\fancyhdr.sty
Package: fancyhdr 2024/07/23 v4.3.1 Extensive control of page headers and foote
rs
\f@nch@headwidth=\skip264
\f@nch@O@elh=\skip265
\f@nch@O@erh=\skip266
\f@nch@O@olh=\skip267
\f@nch@O@orh=\skip268
\f@nch@O@elf=\skip269
\f@nch@O@erf=\skip270
\f@nch@O@olf=\skip271
\f@nch@O@orf=\skip272
) (C:\Users\bianc\AppData\Local\Programs\MiKTeX\tex/latex/base\fontenc.sty
Package: fontenc 2021/04/29 v2.0v Standard LaTeX package
)
(C:\Users\bianc\AppData\Local\Programs\MiKTeX\tex/latex/mdwtools\footnote.sty
Package: footnote 1997/01/28 1.13 Save footnotes around boxes
\fn@notes=\box61
\fn@width=\dimen269
)
(C:\Users\bianc\AppData\Local\Programs\MiKTeX\tex/latex/graphics\graphicx.sty
Package: graphicx 2021/09/16 v1.2d Enhanced LaTeX Graphics (DPC,SPQR)

(C:\Users\bianc\AppData\Local\Programs\MiKTeX\tex/latex/graphics\graphics.sty
Package: graphics 2024/05/23 v1.4g Standard LaTeX Graphics (DPC,SPQR)

(C:\Users\bianc\AppData\Local\Programs\MiKTeX\tex/latex/graphics\trig.sty
Package: trig 2023/12/02 v1.11 sin cos tan (DPC)
)
(C:\Users\bianc\AppData\Local\Programs\MiKTeX\tex/latex/graphics-cfg\graphics.c
fg
File: graphics.cfg 2016/06/04 v1.11 sample graphics configuration
)
Package graphics Info: Driver file: pdftex.def on input line 106.
)
\Gin@req@height=\dimen270
\Gin@req@width=\dimen271
)
(C:\Users\bianc\AppData\Local\Programs\MiKTeX\tex/latex/tools\indentfirst.sty
Package: indentfirst 2023/07/02 v1.03 Indent first paragraph (DPC)
)
(C:\Users\bianc\AppData\Local\Programs\MiKTeX\tex/latex/base\inputenc.sty
Package: inputenc 2024/02/08 v1.3d Input encoding file
\inpenc@prehook=\toks33
\inpenc@posthook=\toks34
)
(C:\Users\bianc\AppData\Local\Programs\MiKTeX\tex/latex/lipsum\lipsum.sty
(C:\Users\bianc\AppData\Local\Programs\MiKTeX\tex/latex/l3packages/l3keys2e\l3k
eys2e.sty
Package: l3keys2e 2024-08-16 LaTeX2e option processing using LaTeX3 keys
)
Package: lipsum 2021-09-20 v2.7 150 paragraphs of Lorem Ipsum dummy text
\g__lipsum_par_int=\count364
\l__lipsum_a_int=\count365
\l__lipsum_b_int=\count366

(C:\Users\bianc\AppData\Local\Programs\MiKTeX\tex/latex/lipsum\lipsum.ltd.tex))
(C:\Users\bianc\AppData\Local\Programs\MiKTeX\tex/latex/tools\longtable.sty
Package: longtable 2024-04-26 v4.20 Multi-page Table package (DPC)
\LTleft=\skip273
\LTright=\skip274
\LTpre=\skip275
\LTpost=\skip276
\LTchunksize=\count367
\LTcapwidth=\dimen272
\LT@head=\box62
\LT@firsthead=\box63
\LT@foot=\box64
\LT@lastfoot=\box65
\LT@gbox=\box66
\LT@cols=\count368
\LT@rows=\count369
\c@LT@tables=\count370
\c@LT@chunks=\count371
\LT@p@ftn=\toks35
)
(C:\Users\bianc\AppData\Local\Programs\MiKTeX\tex/latex/graphics\lscape.sty
Package: lscape 2020/05/28 v3.02 Landscape Pages (DPC)
)
(C:\Users\bianc\AppData\Local\Programs\MiKTeX\tex/latex/psnfss\mathptmx.sty
Package: mathptmx 2020/03/25 PSNFSS-v9.3 Times w/ Math, improved (SPQR, WaS) 
LaTeX Font Info:    Redeclaring symbol font `operators' on input line 28.
LaTeX Font Info:    Overwriting symbol font `operators' in version `normal'
(Font)                  OT1/cmr/m/n --> OT1/ztmcm/m/n on input line 28.
LaTeX Font Info:    Overwriting symbol font `operators' in version `bold'
(Font)                  OT1/cmr/bx/n --> OT1/ztmcm/m/n on input line 28.
LaTeX Font Info:    Redeclaring symbol font `letters' on input line 29.
LaTeX Font Info:    Overwriting symbol font `letters' in version `normal'
(Font)                  OML/cmm/m/it --> OML/ztmcm/m/it on input line 29.
LaTeX Font Info:    Overwriting symbol font `letters' in version `bold'
(Font)                  OML/cmm/b/it --> OML/ztmcm/m/it on input line 29.
LaTeX Font Info:    Redeclaring symbol font `symbols' on input line 30.
LaTeX Font Info:    Overwriting symbol font `symbols' in version `normal'
(Font)                  OMS/cmsy/m/n --> OMS/ztmcm/m/n on input line 30.
LaTeX Font Info:    Overwriting symbol font `symbols' in version `bold'
(Font)                  OMS/cmsy/b/n --> OMS/ztmcm/m/n on input line 30.
LaTeX Font Info:    Redeclaring symbol font `largesymbols' on input line 31.
LaTeX Font Info:    Overwriting symbol font `largesymbols' in version `normal'
(Font)                  OMX/cmex/m/n --> OMX/ztmcm/m/n on input line 31.
LaTeX Font Info:    Overwriting symbol font `largesymbols' in version `bold'
(Font)                  OMX/cmex/m/n --> OMX/ztmcm/m/n on input line 31.
\symbold=\mathgroup9
\symitalic=\mathgroup10
LaTeX Font Info:    Redeclaring math alphabet \mathbf on input line 34.
LaTeX Font Info:    Redeclaring math alphabet \mathit on input line 35.
LaTeX Font Info:    Overwriting math alphabet `\mathit' in version `normal'
(Font)                  OT1/cmr/m/it --> OT1/ptm/m/it on input line 35.
LaTeX Font Info:    Overwriting math alphabet `\mathit' in version `bold'
(Font)                  OT1/cmr/bx/it --> OT1/ptm/m/it on input line 35.
LaTeX Info: Redefining \hbar on input line 50.
)
(C:\Users\bianc\AppData\Local\Programs\MiKTeX\tex/latex/microtype\microtype.sty
Package: microtype 2024/03/29 v3.1b Micro-typographical refinements (RS)
\MT@toks=\toks36
\MT@tempbox=\box67
\MT@count=\count372
LaTeX Info: Redefining \noprotrusionifhmode on input line 1061.
LaTeX Info: Redefining \leftprotrusion on input line 1062.
\MT@prot@toks=\toks37
LaTeX Info: Redefining \rightprotrusion on input line 1081.
LaTeX Info: Redefining \textls on input line 1392.
\MT@outer@kern=\dimen273
LaTeX Info: Redefining \textmicrotypecontext on input line 2013.
\MT@listname@count=\count373

(C:\Users\bianc\AppData\Local\Programs\MiKTeX\tex/latex/microtype\microtype-pdf
tex.def
File: microtype-pdftex.def 2024/03/29 v3.1b Definitions specific to pdftex (RS)

LaTeX Info: Redefining \lsstyle on input line 902.
LaTeX Info: Redefining \lslig on input line 902.
\MT@outer@space=\skip277
)
Package microtype Info: Loading configuration file microtype.cfg.

(C:\Users\bianc\AppData\Local\Programs\MiKTeX\tex/latex/microtype\microtype.cfg
File: microtype.cfg 2024/03/29 v3.1b microtype main configuration file (RS)
))
(C:\Users\bianc\AppData\Local\Programs\MiKTeX\tex/latex/pdfpages\pdfpages.sty
Package: pdfpages 2024/05/29 v0.6a Insert pages of external PDF documents (AM)

(C:\Users\bianc\AppData\Local\Programs\MiKTeX\tex/latex/eso-pic\eso-pic.sty
Package: eso-pic 2023/05/03 v3.0c eso-pic (RN)
\ESO@tempdima=\dimen274
\ESO@tempdimb=\dimen275
)
\AM@pagewidth=\dimen276
\AM@pageheight=\dimen277
\AM@fboxrule=\dimen278

(C:\Users\bianc\AppData\Local\Programs\MiKTeX\tex/latex/pdfpages\pppdftex.def
File: pppdftex.def 2024/05/29 v0.6a Pdfpages driver for pdfTeX (AM)
)
\pdfpages@includegraphics@status=\count374
\AM@pagebox=\box68
\AM@global@opts=\toks38
\AM@pagecnt=\count375
\AM@toc@title=\toks39
\AM@lof@heading=\toks40
\c@AM@survey=\count376
\AM@templatesizebox=\box69
) (C:\Users\bianc\AppData\Local\Programs\MiKTeX\tex/latex/psnfss\times.sty
Package: times 2020/03/25 PSNFSS-v9.3 (SPQR) 
)
(C:\Users\bianc\AppData\Local\Programs\MiKTeX\tex/latex/xstring\xstring.sty
(C:\Users\bianc\AppData\Local\Programs\MiKTeX\tex/generic/xstring\xstring.tex
\xs_counta=\count377
\xs_countb=\count378
)
Package: xstring 2023/08/22 v1.86 String manipulations (CT)
) (C:\Users\bianc\AppData\Local\Programs\MiKTeX\tex/latex/xurl\xurl.sty
Package: xurl 2022/01/09 v 0.10 modify URL breaks
)
(C:\Users\bianc\AppData\Local\Programs\MiKTeX\tex/latex/geometry\geometry.sty
Package: geometry 2020/01/02 v5.9 Page Geometry

(C:\Users\bianc\AppData\Local\Programs\MiKTeX\tex/generic/iftex\ifvtex.sty
Package: ifvtex 2019/10/25 v1.7 ifvtex legacy package. Use iftex instead.
)
\Gm@cnth=\count379
\Gm@cntv=\count380
\c@Gm@tempcnt=\count381
\Gm@bindingoffset=\dimen279
\Gm@wd@mp=\dimen280
\Gm@odd@mp=\dimen281
\Gm@even@mp=\dimen282
\Gm@layoutwidth=\dimen283
\Gm@layoutheight=\dimen284
\Gm@layouthoffset=\dimen285
\Gm@layoutvoffset=\dimen286
\Gm@dimlist=\toks41

(C:\Users\bianc\AppData\Local\Programs\MiKTeX\tex/latex/geometry\geometry.cfg)

Package geometry Warning: Over-specification in `v'-direction.
    `height' (830.82037pt) is ignored.

)
Package color Info: Redefining color blue on input line 191.
Package hyperref Info: Option `colorlinks' set `true' on input line 208.
\c@quadro=\count382
\c@loqdepth=\count383
\cftbeforequadroskip=\skip278
\cftquadroindent=\skip279
\cftquadronumwidth=\skip280
\c@cnt=\count384
)

LaTeX Warning: \include should only be used after \begin{document} on input lin
e 66.

(dados.tex)

LaTeX Warning: \include should only be used after \begin{document} on input lin
e 69.

(pacotes_macros.tex
(C:\Users\bianc\AppData\Local\Programs\MiKTeX\tex/latex/float\float.sty
Package: float 2001/11/08 v1.3d Float enhancements (AL)
\c@float@type=\count385
\float@exts=\toks42
\float@box=\box70
\@float@everytoks=\toks43
\@floatcapt=\box71
)
(C:\Users\bianc\AppData\Local\Programs\MiKTeX\tex/latex/makecell\makecell.sty
Package: makecell 2009/08/03 V0.1e Managing of Tab Column Heads and Cells
\rotheadsize=\dimen287
\c@nlinenum=\count386
\TeXr@lab=\toks44
)
(C:\Users\bianc\AppData\Local\Programs\MiKTeX\tex/latex/xcolor\xcolor.sty
Package: xcolor 2023/11/15 v3.01 LaTeX color extensions (UK)

(C:\Users\bianc\AppData\Local\Programs\MiKTeX\tex/latex/graphics-cfg\color.cfg
File: color.cfg 2016/01/02 v1.6 sample color configuration
)
Package xcolor Info: Driver file: pdftex.def on input line 274.
LaTeX Info: Redefining \color on input line 758.
(C:\Users\bianc\AppData\Local\Programs\MiKTeX\tex/latex/graphics\mathcolor.ltx)
Package xcolor Info: Model `cmy' substituted by `cmy0' on input line 1350.
Package xcolor Info: Model `hsb' substituted by `rgb' on input line 1354.
Package xcolor Info: Model `RGB' extended on input line 1366.
Package xcolor Info: Model `HTML' substituted by `rgb' on input line 1368.
Package xcolor Info: Model `Hsb' substituted by `hsb' on input line 1369.
Package xcolor Info: Model `tHsb' substituted by `hsb' on input line 1370.
Package xcolor Info: Model `HSB' substituted by `hsb' on input line 1371.
Package xcolor Info: Model `Gray' substituted by `gray' on input line 1372.
Package xcolor Info: Model `wave' substituted by `hsb' on input line 1373.
) (C:\Users\bianc\AppData\Local\Programs\MiKTeX\tex/latex/colortbl\colortbl.sty
Package: colortbl 2024/07/06 v1.0i Color table columns (DPC)
\everycr=\toks45
\minrowclearance=\skip281
\rownum=\count387
) (C:\Users\bianc\AppData\Local\Programs\MiKTeX\tex/latex/multirow\multirow.sty
Package: multirow 2021/03/15 v2.8 Span multiple rows of a table
\multirow@colwidth=\skip282
\multirow@cntb=\count388
\multirow@dima=\skip283
\bigstrutjot=\dimen288
))
LaTeX Font Info:    Trying to load font information for T1+ptm on input line 76
.
 (C:\Users\bianc\AppData\Local\Programs\MiKTeX\tex/latex/psnfss\t1ptm.fd
File: t1ptm.fd 2001/06/04 font definitions for T1/ptm.
)
(main.aux (chap/cap1.aux) (chap/cap2.aux) (chap/cap3.aux) (chap/cap4.aux)
(chap/cap5.aux) (chap/cap6.aux) (chap/cap7.aux))
\openout1 = `main.aux'.

LaTeX Font Info:    Checking defaults for OML/cmm/m/it on input line 76.
LaTeX Font Info:    ... okay on input line 76.
LaTeX Font Info:    Checking defaults for OMS/cmsy/m/n on input line 76.
LaTeX Font Info:    ... okay on input line 76.
LaTeX Font Info:    Checking defaults for OT1/cmr/m/n on input line 76.
LaTeX Font Info:    ... okay on input line 76.
LaTeX Font Info:    Checking defaults for T1/cmr/m/n on input line 76.
LaTeX Font Info:    ... okay on input line 76.
LaTeX Font Info:    Checking defaults for TS1/cmr/m/n on input line 76.
LaTeX Font Info:    ... okay on input line 76.
LaTeX Font Info:    Checking defaults for OMX/cmex/m/n on input line 76.
LaTeX Font Info:    ... okay on input line 76.
LaTeX Font Info:    Checking defaults for U/cmr/m/n on input line 76.
LaTeX Font Info:    ... okay on input line 76.
LaTeX Font Info:    Checking defaults for PD1/pdf/m/n on input line 76.
LaTeX Font Info:    ... okay on input line 76.
LaTeX Font Info:    Checking defaults for PU/pdf/m/n on input line 76.
LaTeX Font Info:    ... okay on input line 76.
Package hyperref Info: Link coloring ON on input line 76.
\myptabbox=\box72
\myptabboxwidth=\skip284
Package caption Info: Begin \AtBeginDocument code.
Package caption Info: float package is loaded.
Package caption Info: longtable package is loaded.

(C:\Users\bianc\AppData\Local\Programs\MiKTeX\tex/latex/caption\ltcaption.sty
Package: ltcaption 2021/01/08 v1.4c longtable captions (AR)
)
Package caption Info: End \AtBeginDocument code.

(C:\Users\bianc\AppData\Local\Programs\MiKTeX\tex/context/base/mkii\supp-pdf.mk
ii
[Loading MPS to PDF converter (version 2006.09.02).]
\scratchcounter=\count389
\scratchdimen=\dimen289
\scratchbox=\box73
\nofMPsegments=\count390
\nofMParguments=\count391
\everyMPshowfont=\toks46
\MPscratchCnt=\count392
\MPscratchDim=\dimen290
\MPnumerator=\count393
\makeMPintoPDFobject=\count394
\everyMPtoPDFconversion=\toks47
)
(C:\Users\bianc\AppData\Local\Programs\MiKTeX\tex/latex/epstopdf-pkg\epstopdf-b
ase.sty
Package: epstopdf-base 2020-01-24 v2.11 Base part for package epstopdf
Package epstopdf-base Info: Redefining graphics rule for `.eps' on input line 4
85.

(C:\Users\bianc\AppData\Local\Programs\MiKTeX\tex/latex/00miktex\epstopdf-sys.c
fg
File: epstopdf-sys.cfg 2021/03/18 v2.0 Configuration of epstopdf for MiKTeX
))
LaTeX Info: Redefining \microtypecontext on input line 76.
Package microtype Info: Applying patch `item' on input line 76.
Package microtype Info: Applying patch `toc' on input line 76.
Package microtype Info: Applying patch `eqnum' on input line 76.
Package microtype Info: Applying patch `footnote' on input line 76.
Package microtype Info: Applying patch `verbatim' on input line 76.
Package microtype Info: Generating PDF output.
Package microtype Info: Character protrusion enabled (level 2).
Package microtype Info: Using default protrusion set `alltext'.
Package microtype Info: Automatic font expansion enabled (level 2),
(microtype)             stretch: 20, shrink: 20, step: 1, non-selected.
Package microtype Info: Using default expansion set `alltext-nott'.
LaTeX Info: Redefining \showhyphens on input line 76.
Package microtype Info: No adjustment of tracking.
Package microtype Info: No adjustment of interword spacing.
Package microtype Info: No adjustment of character kerning.

(C:\Users\bianc\AppData\Local\Programs\MiKTeX\tex/latex/microtype\mt-ptm.cfg
File: mt-ptm.cfg 2006/04/20 v1.7 microtype config. file: Times (RS)
)
(C:\Users\bianc\AppData\Local\Programs\MiKTeX\tex/latex/pdflscape\pdflscape.sty
Package: pdflscape 2022-10-27 v0.13 Display of landscape pages in PDF

(C:\Users\bianc\AppData\Local\Programs\MiKTeX\tex/latex/pdflscape\pdflscape-nom
etadata.sty
Package: pdflscape-nometadata 2022-10-28 v0.13 Display of landscape pages in PD
F (HO)
Package pdflscape Info: Auto-detected driver: pdftex on input line 81.
))
*geometry* driver: auto-detecting
*geometry* detected driver: pdftex
*geometry* verbose mode - [ preamble ] result:
* driver: pdftex
* paper: a4paper
* layout: <same size as paper>
* layoutoffset:(h,v)=(0.0pt,0.0pt)
* modes: 
* h-part:(L,W,R)=(85.35826pt, 455.24411pt, 56.9055pt)
* v-part:(T,H,B)=(85.35826pt, 702.78308pt, 56.9055pt)
* \paperwidth=597.50787pt
* \paperheight=845.04684pt
* \textwidth=455.24411pt
* \textheight=702.78308pt
* \oddsidemargin=13.08827pt
* \evensidemargin=13.08827pt
* \topmargin=-21.28552pt
* \headheight=14.5pt
* \headsep=19.8738pt
* \topskip=12.0pt
* \footskip=30.0pt
* \marginparwidth=42.9055pt
* \marginparsep=7.0pt
* \columnsep=10.0pt
* \skip\footins=12.0pt plus 4.0pt minus 4.0pt
* \hoffset=0.0pt
* \voffset=0.0pt
* \mag=1000
* \@twocolumnfalse
* \@twosidefalse
* \@mparswitchfalse
* \@reversemarginfalse
* (1in=72.27pt=25.4mm, 1cm=28.453pt)



[1

{C:/Users/bianc/AppData/Local/MiKTeX/fonts/map/pdftex/pdftex.map}{C:/Users/bian
c/AppData/Local/Programs/MiKTeX/fonts/enc/dvips/base/8r.enc}]
LaTeX Font Info:    Trying to load font information for OT1+ztmcm on input line
 80.

(C:\Users\bianc\AppData\Local\Programs\MiKTeX\tex/latex/psnfss\ot1ztmcm.fd
File: ot1ztmcm.fd 2000/01/03 Fontinst v1.801 font definitions for OT1/ztmcm.
)
Package microtype Info: Loading generic protrusion settings for font family
(microtype)             `ztmcm' (encoding: OT1).
(microtype)             For optimal results, create family-specific settings.
(microtype)             See the microtype manual for details.
LaTeX Font Info:    Trying to load font information for OML+ztmcm on input line
 80.

(C:\Users\bianc\AppData\Local\Programs\MiKTeX\tex/latex/psnfss\omlztmcm.fd
File: omlztmcm.fd 2000/01/03 Fontinst v1.801 font definitions for OML/ztmcm.
)
LaTeX Font Info:    Trying to load font information for OMS+ztmcm on input line
 80.

(C:\Users\bianc\AppData\Local\Programs\MiKTeX\tex/latex/psnfss\omsztmcm.fd
File: omsztmcm.fd 2000/01/03 Fontinst v1.801 font definitions for OMS/ztmcm.
)
LaTeX Font Info:    Trying to load font information for OMX+ztmcm on input line
 80.

(C:\Users\bianc\AppData\Local\Programs\MiKTeX\tex/latex/psnfss\omxztmcm.fd
File: omxztmcm.fd 2000/01/03 Fontinst v1.801 font definitions for OMX/ztmcm.
)
(C:\Users\bianc\AppData\Local\Programs\MiKTeX\tex/latex/microtype\mt-msa.cfg
File: mt-msa.cfg 2006/02/04 v1.1 microtype config. file: AMS symbols (a) (RS)
)
(C:\Users\bianc\AppData\Local\Programs\MiKTeX\tex/latex/microtype\mt-msb.cfg
File: mt-msb.cfg 2005/06/01 v1.0 microtype config. file: AMS symbols (b) (RS)
)
(C:\Users\bianc\AppData\Local\Programs\MiKTeX\tex/latex/microtype\mt-cmr.cfg
File: mt-cmr.cfg 2013/05/19 v2.2 microtype config. file: Computer Modern Roman 
(RS)
)
LaTeX Font Info:    Trying to load font information for OT1+ptm on input line 8
0.

(C:\Users\bianc\AppData\Local\Programs\MiKTeX\tex/latex/psnfss\ot1ptm.fd
File: ot1ptm.fd 2001/06/04 font definitions for OT1/ptm.
)
LaTeX Font Info:    Font shape `OT1/ptm/bx/n' in size <12> not available
(Font)              Font shape `OT1/ptm/b/n' tried instead on input line 80.
LaTeX Font Info:    Font shape `OT1/ptm/bx/n' in size <9> not available
(Font)              Font shape `OT1/ptm/b/n' tried instead on input line 80.
LaTeX Font Info:    Font shape `OT1/ptm/bx/n' in size <7> not available
(Font)              Font shape `OT1/ptm/b/n' tried instead on input line 80.



pdfTeX warning (ext4): destination with the same identifier (name{page.1}) has 
been already used, duplicate ignored
<to be read again> 
                   \relax 
l.80 \imprimirfolhaderosto
                          		% obrigatório [1




]
<./pre/ficha.pdf, id=15, 597.51233pt x 845.0471pt>
File: ./pre/ficha.pdf Graphic file (type pdf)
<use ./pre/ficha.pdf>
Package pdftex.def Info: ./pre/ficha.pdf  used on input line 81.
(pdftex.def)             Requested size: 597.51086pt x 845.04504pt.
File: ./pre/ficha.pdf Graphic file (type pdf)
<use ./pre/ficha.pdf>
Package pdftex.def Info: ./pre/ficha.pdf  used on input line 81.
(pdftex.def)             Requested size: 597.51086pt x 845.04504pt.
<./pre/ficha.pdf, id=18, page=1, 597.51233pt x 845.0471pt>
File: ./pre/ficha.pdf Graphic file (type pdf)
<use ./pre/ficha.pdf, page 1>
Package pdftex.def Info: ./pre/ficha.pdf , page1 used on input line 81.
(pdftex.def)             Requested size: 597.51086pt x 845.04504pt.
File: ./pre/ficha.pdf Graphic file (type pdf)
<use ./pre/ficha.pdf, page 1>
Package pdftex.def Info: ./pre/ficha.pdf , page1 used on input line 81.
(pdftex.def)             Requested size: 597.53821pt x 845.08372pt.
File: ./pre/ficha.pdf Graphic file (type pdf)
<use ./pre/ficha.pdf, page 1>
Package pdftex.def Info: ./pre/ficha.pdf , page1 used on input line 81.
(pdftex.def)             Requested size: 597.53821pt x 845.08372pt.
File: ./pre/ficha.pdf Graphic file (type pdf)
<use ./pre/ficha.pdf, page 1>
Package pdftex.def Info: ./pre/ficha.pdf , page1 used on input line 81.
(pdftex.def)             Requested size: 597.53821pt x 845.08372pt.


File: ./pre/ficha.pdf Graphic file (type pdf)
<use ./pre/ficha.pdf, page 1>
Package pdftex.def Info: ./pre/ficha.pdf , page1 used on input line 81.
(pdftex.def)             Requested size: 597.53821pt x 845.08372pt.
[2


 <./pre/ficha.pdf>]

[3

] (pre/dedicatoria.tex)

[4

] (pre/agradecimentos.tex)

[5


] (pre/epigrafe.tex)

[6

] (pre/resumo.tex)

[7

]
(C:\Users\bianc\AppData\Local\Programs\MiKTeX\tex/generic/babel/locale/en\babel
-english.tex
Package babel Info: Importing basic data for english
(babel)             from babel-en.ini. Reported on input line 11.
) (pre/abstract.tex)

[8

] (main.lof

[9

]

[10])

[11] (main.lot)

[12

] (pre/siglas.tex)

[13


]

[14] (pre/simbolos.tex

[15


]

[16])

[17] (main.toc

[18

])

[19]

Package fancyhdr Warning: \fancyhead's `E' option without twoside option is use
less.
(fancyhdr)                Please consider using the `twoside' option on input l
ine 97.

\openout2 = `./chap/cap1.aux'.

(chap/cap1.tex

[20



]
<<<<<<< HEAD
<./fig/0101_desmoronamentoSP.jpg, id=417, 1204.5pt x 630.355pt>
=======
<./fig/0101_desmoronamentoSP.jpg, id=445, 1204.5pt x 630.355pt>
>>>>>>> origin/main
File: ./fig/0101_desmoronamentoSP.jpg Graphic file (type jpg)
<use ./fig/0101_desmoronamentoSP.jpg>
Package pdftex.def Info: ./fig/0101_desmoronamentoSP.jpg  used on input line 24
.
(pdftex.def)             Requested size: 421.58131pt x 220.62755pt.
<<<<<<< HEAD
<./fig/0102_desmoronamentoheathrow.png, id=425, 715.473pt x 463.7325pt>
=======
<./fig/0102_desmoronamentoheathrow.png, id=453, 715.473pt x 463.7325pt>
>>>>>>> origin/main
File: ./fig/0102_desmoronamentoheathrow.png Graphic file (type png)
<use ./fig/0102_desmoronamentoheathrow.png>
Package pdftex.def Info: ./fig/0102_desmoronamentoheathrow.png  used on input l
ine 35.
(pdftex.def)             Requested size: 357.73563pt x 231.86568pt.


[21 <./fig/0101_desmoronamentoSP.jpg>]

[22 <./fig/0102_desmoronamentoheathrow.png>]

[23])

[24]
\openout2 = `./chap/cap2.aux'.

 (chap/cap2.tex
<<<<<<< HEAD
<./fig/0201_tunelrasoeprofundo.pdf, id=481, 388.93652pt x 279.63103pt>
=======
<./fig/0201_tunelrasoeprofundo.pdf, id=509, 388.93652pt x 279.63103pt>
>>>>>>> origin/main
File: ./fig/0201_tunelrasoeprofundo.pdf Graphic file (type pdf)
<use ./fig/0201_tunelrasoeprofundo.pdf>
Package pdftex.def Info: ./fig/0201_tunelrasoeprofundo.pdf  used on input line 
24.
(pdftex.def)             Requested size: 311.14963pt x 223.70512pt.


[25




]

[26 <./fig/0201_tunelrasoeprofundo.pdf>]
<<<<<<< HEAD
<./fig/0202_cloacamassima.jpg, id=516, 991.705pt x 1003.75pt>
=======
<./fig/0202_cloacamassima.jpg, id=544, 991.705pt x 1003.75pt>
>>>>>>> origin/main
File: ./fig/0202_cloacamassima.jpg Graphic file (type jpg)
<use ./fig/0202_cloacamassima.jpg>
Package pdftex.def Info: ./fig/0202_cloacamassima.jpg  used on input line 46.
(pdftex.def)             Requested size: 297.5138pt x 301.12732pt.


[27 <./fig/0202_cloacamassima.jpg>]

[28]
<<<<<<< HEAD
<./fig/0203_metodosescavacao.pdf, id=552, 403.4471pt x 313.43916pt>
=======
<./fig/0203_metodosescavacao.pdf, id=580, 403.4471pt x 313.43916pt>
>>>>>>> origin/main
File: ./fig/0203_metodosescavacao.pdf Graphic file (type pdf)
<use ./fig/0203_metodosescavacao.pdf>
Package pdftex.def Info: ./fig/0203_metodosescavacao.pdf  used on input line 80
.
(pdftex.def)             Requested size: 383.27257pt x 297.7655pt.
<<<<<<< HEAD
<./fig/0204_valarecoberta.pdf, id=560, 509.94902pt x 263.4145pt>
=======
<./fig/0204_valarecoberta.pdf, id=588, 509.94902pt x 263.4145pt>
>>>>>>> origin/main
File: ./fig/0204_valarecoberta.pdf Graphic file (type pdf)
<use ./fig/0204_valarecoberta.pdf>
Package pdftex.def Info: ./fig/0204_valarecoberta.pdf  used on input line 89.
(pdftex.def)             Requested size: 433.45871pt x 223.90337pt.


[29 <./fig/0203_metodosescavacao.pdf>]
<<<<<<< HEAD
<./fig/0205_roadheader.png, id=590, 554.82281pt x 366.61969pt>
=======
<./fig/0205_roadheader.png, id=618, 554.82281pt x 366.61969pt>
>>>>>>> origin/main
File: ./fig/0205_roadheader.png Graphic file (type png)
<use ./fig/0205_roadheader.png>
Package pdftex.def Info: ./fig/0205_roadheader.png  used on input line 103.
(pdftex.def)             Requested size: 221.92519pt x 146.64526pt.
<<<<<<< HEAD
<./fig/0205_hammerhead.jpg, id=591, 1025.2704pt x 682.2288pt>
=======
<./fig/0205_hammerhead.jpg, id=619, 1025.2704pt x 682.2288pt>
>>>>>>> origin/main
File: ./fig/0205_hammerhead.jpg Graphic file (type jpg)
<use ./fig/0205_hammerhead.jpg>
Package pdftex.def Info: ./fig/0205_hammerhead.jpg  used on input line 104.
(pdftex.def)             Requested size: 220.42883pt x 146.67633pt.


[30 <./fig/0204_valarecoberta.pdf>]
<<<<<<< HEAD
<./fig/0206_sequenciadetonacao.pdf, id=737, 458.17pt x 226.30978pt>
=======
<./fig/0206_sequenciadetonacao.pdf, id=765, 458.17pt x 226.30978pt>
>>>>>>> origin/main
File: ./fig/0206_sequenciadetonacao.pdf Graphic file (type pdf)
<use ./fig/0206_sequenciadetonacao.pdf>
Package pdftex.def Info: ./fig/0206_sequenciadetonacao.pdf  used on input line 
115.
(pdftex.def)             Requested size: 412.34918pt x 203.67691pt.


[31 <./fig/0205_roadheader.png> <./fig/0205_hammerhead.jpg> <./fig/0206_sequenc
iadetonacao.pdf>]
<<<<<<< HEAD
<./fig/0207_TBMgarras.png, id=914, 820.86674pt x 333.6465pt>
=======
<./fig/0207_TBMgarras.png, id=942, 820.86674pt x 333.6465pt>
>>>>>>> origin/main
File: ./fig/0207_TBMgarras.png Graphic file (type png)
<use ./fig/0207_TBMgarras.png>
Package pdftex.def Info: ./fig/0207_TBMgarras.png  used on input line 130.
(pdftex.def)             Requested size: 451.4781pt x 183.50613pt.


pdfTeX warning: pdflatex.exe (file ./fig/0208_TBMblindada.pdf): PDF inclusion: 
found PDF version <1.7>, but at most version <1.5> allowed
<<<<<<< HEAD
<./fig/0208_TBMblindada.pdf, id=919, 1445.4pt x 813.0375pt>
=======
<./fig/0208_TBMblindada.pdf, id=947, 1445.4pt x 813.0375pt>
>>>>>>> origin/main
File: ./fig/0208_TBMblindada.pdf Graphic file (type pdf)
<use ./fig/0208_TBMblindada.pdf>
Package pdftex.def Info: ./fig/0208_TBMblindada.pdf  used on input line 137.
(pdftex.def)             Requested size: 361.34912pt x 203.25888pt.


[32 <./fig/0207_TBMgarras.png>]
<<<<<<< HEAD
<./fig/0209_TBMsoftground.png, id=933, 479.54156pt x 334.24875pt>
=======
<./fig/0209_TBMsoftground.png, id=961, 479.54156pt x 334.24875pt>
>>>>>>> origin/main
File: ./fig/0209_TBMsoftground.png Graphic file (type png)
<use ./fig/0209_TBMsoftground.png>
Package pdftex.def Info: ./fig/0209_TBMsoftground.png  used on input line 146.
(pdftex.def)             Requested size: 359.65529pt x 250.68594pt.


[33 <./fig/0208_TBMblindada.pdf> <./fig/0209_TBMsoftground.png>]
<<<<<<< HEAD
<./fig/0210_revestimento.pdf, id=960, 357.79332pt x 232.0466pt>
=======
<./fig/0210_revestimento.pdf, id=988, 357.79332pt x 232.0466pt>
>>>>>>> origin/main
File: ./fig/0210_revestimento.pdf Graphic file (type pdf)
<use ./fig/0210_revestimento.pdf>
Package pdftex.def Info: ./fig/0210_revestimento.pdf  used on input line 169.
(pdftex.def)             Requested size: 357.79243pt x 232.04602pt.


[34]

[35 <./fig/0210_revestimento.pdf>]
<<<<<<< HEAD
<./fig/0211_mobilizacaoresistcisalhamento.pdf, id=1011, 599.99156pt x 435.12563
=======
<./fig/0211_mobilizacaoresistcisalhamento.pdf, id=1039, 599.99156pt x 435.12563
>>>>>>> origin/main
pt>
File: ./fig/0211_mobilizacaoresistcisalhamento.pdf Graphic file (type pdf)
<use ./fig/0211_mobilizacaoresistcisalhamento.pdf>
Package pdftex.def Info: ./fig/0211_mobilizacaoresistcisalhamento.pdf  used on 
input line 197.
(pdftex.def)             Requested size: 431.99359pt x 313.2902pt.


[36 <./fig/0211_mobilizacaoresistcisalhamento.pdf>]
<<<<<<< HEAD
<./fig/0212_arqueamentotensoestrid.pdf, id=1031, 291.5395pt x 181.9949pt>
=======
<./fig/0212_arqueamentotensoestrid.pdf, id=1059, 291.5395pt x 181.9949pt>
>>>>>>> origin/main
File: ./fig/0212_arqueamentotensoestrid.pdf Graphic file (type pdf)
<use ./fig/0212_arqueamentotensoestrid.pdf>
Package pdftex.def Info: ./fig/0212_arqueamentotensoestrid.pdf  used on input l
ine 206.
(pdftex.def)             Requested size: 320.69443pt x 200.19499pt.
<<<<<<< HEAD
<./fig/0213_direcoesprincipais.pdf, id=1037, 574.50359pt x 225.72389pt>
=======
<./fig/0213_direcoesprincipais.pdf, id=1065, 574.50359pt x 225.72389pt>
>>>>>>> origin/main
File: ./fig/0213_direcoesprincipais.pdf Graphic file (type pdf)
<use ./fig/0213_direcoesprincipais.pdf>
Package pdftex.def Info: ./fig/0213_direcoesprincipais.pdf  used on input line 
215.
(pdftex.def)             Requested size: 448.111pt x 176.06392pt.


[37 <./fig/0212_arqueamentotensoestrid.pdf> <./fig/0213_direcoesprincipais.pdf

pdfTeX warning: pdflatex.exe (file ./fig/0213_direcoesprincipais.pdf): PDF incl
usion: multiple pdfs with page group included in a single page
>]
<<<<<<< HEAD
<./fig/0214_campovetorialdesloc.pdf, id=1128, 375.02695pt x 201.94638pt>
=======
<./fig/0214_campovetorialdesloc.pdf, id=1156, 375.02695pt x 201.94638pt>
>>>>>>> origin/main
File: ./fig/0214_campovetorialdesloc.pdf Graphic file (type pdf)
<use ./fig/0214_campovetorialdesloc.pdf>
Package pdftex.def Info: ./fig/0214_campovetorialdesloc.pdf  used on input line
 224.
(pdftex.def)             Requested size: 450.03009pt x 242.33443pt.
<<<<<<< HEAD
<./fig/0215_convergencia.pdf, id=1136, 648.84038pt x 556.74876pt>
=======
<./fig/0215_convergencia.pdf, id=1164, 648.84038pt x 556.74876pt>
>>>>>>> origin/main
File: ./fig/0215_convergencia.pdf Graphic file (type pdf)
<use ./fig/0215_convergencia.pdf>
Package pdftex.def Info: ./fig/0215_convergencia.pdf  used on input line 233.
(pdftex.def)             Requested size: 324.41939pt x 278.3737pt.


[38 <./fig/0214_campovetorialdesloc.pdf>]
<<<<<<< HEAD
<./fig/0216_perfilconvergencia.pdf, id=1168, 326.25305pt x 115.68109pt>
=======
<./fig/0216_perfilconvergencia.pdf, id=1196, 326.25305pt x 115.68109pt>
>>>>>>> origin/main
File: ./fig/0216_perfilconvergencia.pdf Graphic file (type pdf)
<use ./fig/0216_perfilconvergencia.pdf>
Package pdftex.def Info: ./fig/0216_perfilconvergencia.pdf  used on input line 
248.
(pdftex.def)             Requested size: 391.50171pt x 138.8166pt.


[39 <./fig/0215_convergencia.pdf>]
LaTeX Font Info:    Trying to load font information for TS1+ptm on input line 2
65.

(C:\Users\bianc\AppData\Local\Programs\MiKTeX\tex/latex/psnfss\ts1ptm.fd
File: ts1ptm.fd 2001/06/04 font definitions for TS1/ptm.
)

[40 <./fig/0216_perfilconvergencia.pdf>]
<<<<<<< HEAD
<./fig/0217_variacaotensao.pdf, id=1205, 634.89203pt x 318.02368pt>
=======
<./fig/0217_variacaotensao.pdf, id=1233, 634.89203pt x 318.02368pt>
>>>>>>> origin/main
File: ./fig/0217_variacaotensao.pdf Graphic file (type pdf)
<use ./fig/0217_variacaotensao.pdf>
Package pdftex.def Info: ./fig/0217_variacaotensao.pdf  used on input line 269.

(pdftex.def)             Requested size: 444.42139pt x 222.61505pt.
<<<<<<< HEAD
<./fig/0218_baciadeassentamento.pdf, id=1213, 423.01761pt x 184.44745pt>
=======
<./fig/0218_baciadeassentamento.pdf, id=1241, 423.01761pt x 184.44745pt>
>>>>>>> origin/main
File: ./fig/0218_baciadeassentamento.pdf Graphic file (type pdf)
<use ./fig/0218_baciadeassentamento.pdf>
Package pdftex.def Info: ./fig/0218_baciadeassentamento.pdf  used on input line
 278.
(pdftex.def)             Requested size: 423.01657pt x 184.44699pt.


[41 <./fig/0217_variacaotensao.pdf> <./fig/0218_baciadeassentamento.pdf

pdfTeX warning: pdflatex.exe (file ./fig/0218_baciadeassentamento.pdf): PDF inc
lusion: multiple pdfs with page group included in a single page
>]
<<<<<<< HEAD
<./fig/0219_metanalitico.pdf, id=1260, 1006.17715pt x 330.60045pt>
=======
<./fig/0219_metanalitico.pdf, id=1288, 1006.17715pt x 330.60045pt>
>>>>>>> origin/main
File: ./fig/0219_metanalitico.pdf Graphic file (type pdf)
<use ./fig/0219_metanalitico.pdf>
Package pdftex.def Info: ./fig/0219_metanalitico.pdf  used on input line 303.
(pdftex.def)             Requested size: 402.46373pt x 132.23782pt.


[42]
<<<<<<< HEAD
<./fig/0220_metanaliticozonas.pdf, id=1275, 1006.17715pt x 330.60045pt>
=======
<./fig/0220_metanaliticozonas.pdf, id=1303, 1006.17715pt x 330.60045pt>
>>>>>>> origin/main
File: ./fig/0220_metanaliticozonas.pdf Graphic file (type pdf)
<use ./fig/0220_metanaliticozonas.pdf>
Package pdftex.def Info: ./fig/0220_metanaliticozonas.pdf  used on input line 3
12.
(pdftex.def)             Requested size: 402.46373pt x 132.23782pt.
<<<<<<< HEAD
<./fig/0221_solucaoanalitica.pdf, id=1281, 455.44972pt x 203.09006pt>
=======
<./fig/0221_solucaoanalitica.pdf, id=1309, 455.44972pt x 203.09006pt>
>>>>>>> origin/main
File: ./fig/0221_solucaoanalitica.pdf Graphic file (type pdf)
<use ./fig/0221_solucaoanalitica.pdf>
Package pdftex.def Info: ./fig/0221_solucaoanalitica.pdf  used on input line 32
1.
(pdftex.def)             Requested size: 455.4486pt x 203.08954pt.


[43 <./fig/0219_metanalitico.pdf> <./fig/0220_metanaliticozonas.pdf

pdfTeX warning: pdflatex.exe (file ./fig/0220_metanaliticozonas.pdf): PDF inclu
sion: multiple pdfs with page group included in a single page
>]

[44 <./fig/0221_solucaoanalitica.pdf>]
<<<<<<< HEAD
<./fig/0222_metodocvcf.pdf, id=1335, 284.66164pt x 269.62318pt>
=======
<./fig/0222_metodocvcf.pdf, id=1363, 284.66164pt x 269.62318pt>
>>>>>>> origin/main
File: ./fig/0222_metodocvcf.pdf Graphic file (type pdf)
<use ./fig/0222_metodocvcf.pdf>
Package pdftex.def Info: ./fig/0222_metodocvcf.pdf  used on input line 350.
(pdftex.def)             Requested size: 313.12874pt x 296.5864pt.


[45 <./fig/0222_metodocvcf.pdf>]

[46]
<<<<<<< HEAD
<./fig/0223_curvasNATM.pdf, id=1376, 361.63252pt x 223.38274pt>
=======
<./fig/0223_curvasNATM.pdf, id=1404, 361.63252pt x 223.38274pt>
>>>>>>> origin/main
File: ./fig/0223_curvasNATM.pdf Graphic file (type pdf)
<use ./fig/0223_curvasNATM.pdf>
Package pdftex.def Info: ./fig/0223_curvasNATM.pdf  used on input line 377.
(pdftex.def)             Requested size: 361.63164pt x 223.38219pt.


[47 <./fig/0223_curvasNATM.pdf>]
<<<<<<< HEAD
<./fig/0224_influenciarigidezNIM.pdf, id=1397, 466.65427pt x 126.82498pt>
=======
<./fig/0224_influenciarigidezNIM.pdf, id=1425, 466.65427pt x 126.82498pt>
>>>>>>> origin/main
File: ./fig/0224_influenciarigidezNIM.pdf Graphic file (type pdf)
<use ./fig/0224_influenciarigidezNIM.pdf>
Package pdftex.def Info: ./fig/0224_influenciarigidezNIM.pdf  used on input lin
e 397.
(pdftex.def)             Requested size: 447.99013pt x 121.7525pt.


[48 <./fig/0224_influenciarigidezNIM.pdf>]

[49]
<<<<<<< HEAD
<./fig/0225_ativacaodesativacao.pdf, id=1444, 304.64915pt x 324.23778pt>
=======
<./fig/0225_ativacaodesativacao.pdf, id=1472, 304.64915pt x 324.23778pt>
>>>>>>> origin/main
File: ./fig/0225_ativacaodesativacao.pdf Graphic file (type pdf)
<use ./fig/0225_ativacaodesativacao.pdf>
Package pdftex.def Info: ./fig/0225_ativacaodesativacao.pdf  used on input line
 455.
(pdftex.def)             Requested size: 396.04384pt x 421.50905pt.


[50]

[51 <./fig/0225_ativacaodesativacao.pdf>]

[52]

[53])

[54]

[55]
\openout2 = `./chap/cap3.aux'.

 (chap/cap3.tex
<<<<<<< HEAD
<./fig/0301_modeloreologicoviscoelasticidade.pdf, id=2014, 435.82964pt x 162.71
=======
<./fig/0301_modeloreologicoviscoelasticidade.pdf, id=2041, 435.82964pt x 162.71
>>>>>>> origin/main
994pt>
File: ./fig/0301_modeloreologicoviscoelasticidade.pdf Graphic file (type pdf)
<use ./fig/0301_modeloreologicoviscoelasticidade.pdf>
Package pdftex.def Info: ./fig/0301_modeloreologicoviscoelasticidade.pdf  used 
on input line 28.
(pdftex.def)             Requested size: 418.39835pt x 156.21184pt.


[56




]

[57 <./fig/0301_modeloreologicoviscoelasticidade.pdf>]

[58]
<<<<<<< HEAD
<./fig/0302_representacaoreologica.pdf, id=2083, 333.75082pt x 187.78644pt>
=======
<./fig/0302_representacaoreologica.pdf, id=2110, 333.75082pt x 187.78644pt>
>>>>>>> origin/main
File: ./fig/0302_representacaoreologica.pdf Graphic file (type pdf)
<use ./fig/0302_representacaoreologica.pdf>
Package pdftex.def Info: ./fig/0302_representacaoreologica.pdf  used on input l
ine 107.
(pdftex.def)             Requested size: 333.75pt x 187.78596pt.


[59 <./fig/0302_representacaoreologica.pdf>]
<<<<<<< HEAD
<./fig/0303_funcoesescoamento.pdf, id=2105, 450.29451pt x 172.72375pt>
=======
<./fig/0303_funcoesescoamento.pdf, id=2132, 450.29451pt x 172.72375pt>
>>>>>>> origin/main
File: ./fig/0303_funcoesescoamento.pdf Graphic file (type pdf)
<use ./fig/0303_funcoesescoamento.pdf>
Package pdftex.def Info: ./fig/0303_funcoesescoamento.pdf  used on input line 1
23.
(pdftex.def)             Requested size: 450.2934pt x 172.72331pt.

Underfull \hbox (badness 2173) in paragraph at lines 125--125
[][]|[]\T1/ptm/m/n/12 (+20) Fun-��es de es-co-a-mento de Drucker-Prager e Mohr-

 []



[60 <./fig/0303_funcoesescoamento.pdf>]

[61]
<<<<<<< HEAD
<./fig/0304_dominiosEPVP.pdf, id=2191, 321.12228pt x 217.31194pt>
=======
<./fig/0304_dominiosEPVP.pdf, id=2218, 321.12228pt x 217.31194pt>
>>>>>>> origin/main
File: ./fig/0304_dominiosEPVP.pdf Graphic file (type pdf)
<use ./fig/0304_dominiosEPVP.pdf>
Package pdftex.def Info: ./fig/0304_dominiosEPVP.pdf  used on input line 191.
(pdftex.def)             Requested size: 353.2356pt x 239.04384pt.
)

[62 <./fig/0304_dominiosEPVP.pdf>]
\openout2 = `./chap/cap4.aux'.

 (chap/cap4.tex
<<<<<<< HEAD
<./fig/0401_dominioaxi.pdf, id=2240, 353.1859pt x 632.48442pt>
=======
<./fig/0401_dominioaxi.pdf, id=2267, 353.1859pt x 632.48442pt>
>>>>>>> origin/main
File: ./fig/0401_dominioaxi.pdf Graphic file (type pdf)
<use ./fig/0401_dominioaxi.pdf>
Package pdftex.def Info: ./fig/0401_dominioaxi.pdf  used on input line 31.
(pdftex.def)             Requested size: 342.5899pt x 613.50916pt.


[63




]
<./fig/testedominioaxi.pdf, id=2249, 496.72527pt x 392.02153pt>
File: ./fig/testedominioaxi.pdf Graphic file (type pdf)
<use ./fig/testedominioaxi.pdf>
Package pdftex.def Info: ./fig/testedominioaxi.pdf  used on input line 34.
(pdftex.def)             Requested size: 447.0486pt x 352.81612pt.


[64 <./fig/0401_dominioaxi.pdf>]
LaTeX Font Info:    Font shape `OT1/ptm/bx/n' in size <10.95> not available
<<<<<<< HEAD
(Font)              Font shape `OT1/ptm/b/n' tried instead on input line 47.
LaTeX Font Info:    Font shape `OT1/ptm/bx/n' in size <8> not available
(Font)              Font shape `OT1/ptm/b/n' tried instead on input line 47.
LaTeX Font Info:    Font shape `OT1/ptm/bx/n' in size <6> not available
(Font)              Font shape `OT1/ptm/b/n' tried instead on input line 47.


[65 <./fig/testedominioaxi.pdf>]
<./fig/0402solid185.pdf, id=14939, 325.29547pt x 234.4892pt>
File: ./fig/0402solid185.pdf Graphic file (type pdf)
<use ./fig/0402solid185.pdf>
Package pdftex.def Info: ./fig/0402solid185.pdf  used on input line 85.
(pdftex.def)             Requested size: 221.19798pt x 159.45053pt.
<./fig/0402solid186.pdf, id=14940, 331.08694pt x 238.71686pt>
File: ./fig/0402solid186.pdf Graphic file (type pdf)
<use ./fig/0402solid186.pdf>
Package pdftex.def Info: ./fig/0402solid186.pdf  used on input line 86.
=======
(Font)              Font shape `OT1/ptm/b/n' tried instead on input line 44.
LaTeX Font Info:    Font shape `OT1/ptm/bx/n' in size <8> not available
(Font)              Font shape `OT1/ptm/b/n' tried instead on input line 44.
LaTeX Font Info:    Font shape `OT1/ptm/bx/n' in size <6> not available
(Font)              Font shape `OT1/ptm/b/n' tried instead on input line 44.
<./fig/0402solid185.pdf, id=3004, 325.29547pt x 234.4892pt>
File: ./fig/0402solid185.pdf Graphic file (type pdf)
<use ./fig/0402solid185.pdf>
Package pdftex.def Info: ./fig/0402solid185.pdf  used on input line 82.
(pdftex.def)             Requested size: 221.19798pt x 159.45053pt.
<./fig/0402solid186.pdf, id=3005, 331.08694pt x 238.71686pt>
File: ./fig/0402solid186.pdf Graphic file (type pdf)
<use ./fig/0402solid186.pdf>
Package pdftex.def Info: ./fig/0402solid186.pdf  used on input line 83.
>>>>>>> origin/main
(pdftex.def)             Requested size: 225.13612pt x 162.3253pt.


[66 <./fig/0402solid185.pdf> <./fig/0402solid186.pdf

pdfTeX warning: pdflatex.exe (file ./fig/0402solid186.pdf): PDF inclusion: mult
iple pdfs with page group included in a single page
>]
<<<<<<< HEAD
<./fig/0403_dominio3D.pdf, id=14967, 677.70567pt x 531.0825pt>
File: ./fig/0403_dominio3D.pdf Graphic file (type pdf)
<use ./fig/0403_dominio3D.pdf>
Package pdftex.def Info: ./fig/0403_dominio3D.pdf  used on input line 95.
(pdftex.def)             Requested size: 447.28712pt x 350.51552pt.
<./fig/0404_detalhetunellongitudinal.pdf, id=14973, 290.57947pt x 205.54703pt>
File: ./fig/0404_detalhetunellongitudinal.pdf Graphic file (type pdf)
<use ./fig/0404_detalhetunellongitudinal.pdf>
Package pdftex.def Info: ./fig/0404_detalhetunellongitudinal.pdf  used on input
 line 104.
(pdftex.def)             Requested size: 232.46388pt x 164.43782pt.


[67 <./fig/0403_dominio3D.pdf>]
<./fig/0405_detalhegaleria.pdf, id=14998, 364.14055pt x 149.27858pt>
File: ./fig/0405_detalhegaleria.pdf Graphic file (type pdf)
<use ./fig/0405_detalhegaleria.pdf>
Package pdftex.def Info: ./fig/0405_detalhegaleria.pdf  used on input line 113.
=======
<./fig/0403_dominio3D.pdf, id=3031, 677.70567pt x 531.0825pt>
File: ./fig/0403_dominio3D.pdf Graphic file (type pdf)
<use ./fig/0403_dominio3D.pdf>
Package pdftex.def Info: ./fig/0403_dominio3D.pdf  used on input line 92.
(pdftex.def)             Requested size: 447.28712pt x 350.51552pt.


[66 <./fig/0403_dominio3D.pdf>]
<./fig/0404_detalhetunellongitudinal.pdf, id=3057, 290.57947pt x 205.54703pt>
File: ./fig/0404_detalhetunellongitudinal.pdf Graphic file (type pdf)
<use ./fig/0404_detalhetunellongitudinal.pdf>
Package pdftex.def Info: ./fig/0404_detalhetunellongitudinal.pdf  used on input
 line 101.
(pdftex.def)             Requested size: 232.46388pt x 164.43782pt.
<./fig/0405_detalhegaleria.pdf, id=3063, 364.14055pt x 149.27858pt>
File: ./fig/0405_detalhegaleria.pdf Graphic file (type pdf)
<use ./fig/0405_detalhegaleria.pdf>
Package pdftex.def Info: ./fig/0405_detalhegaleria.pdf  used on input line 110.
>>>>>>> origin/main

(pdftex.def)             Requested size: 436.96646pt x 179.13338pt.
<./fig/0406_vistasisometricas.pdf, id=15004, 403.97719pt x 185.29742pt>
File: ./fig/0406_vistasisometricas.pdf Graphic file (type pdf)
<use ./fig/0406_vistasisometricas.pdf>
Package pdftex.def Info: ./fig/0406_vistasisometricas.pdf  used on input line 1
22.
(pdftex.def)             Requested size: 403.9762pt x 185.29697pt.


[68 <./fig/0404_detalhetunellongitudinal.pdf> <./fig/0405_detalhegaleria.pdf

pdfTeX warning: pdflatex.exe (file ./fig/0405_detalhegaleria.pdf): PDF inclusio
n: multiple pdfs with page group included in a single page
>]
<<<<<<< HEAD
LaTeX Font Info:    Font shape `OT1/ptm/bx/n' in size <10> not available
(Font)              Font shape `OT1/ptm/b/n' tried instead on input line 157.
LaTeX Font Info:    Font shape `OT1/ptm/bx/n' in size <7.4> not available
(Font)              Font shape `OT1/ptm/b/n' tried instead on input line 157.
=======
<./fig/0406_vistasisometricas.pdf, id=3100, 403.97719pt x 185.29742pt>
File: ./fig/0406_vistasisometricas.pdf Graphic file (type pdf)
<use ./fig/0406_vistasisometricas.pdf>
Package pdftex.def Info: ./fig/0406_vistasisometricas.pdf  used on input line 1
19.
(pdftex.def)             Requested size: 403.9762pt x 185.29697pt.
LaTeX Font Info:    Font shape `OT1/ptm/bx/n' in size <10> not available
(Font)              Font shape `OT1/ptm/b/n' tried instead on input line 154.
LaTeX Font Info:    Font shape `OT1/ptm/bx/n' in size <7.4> not available
(Font)              Font shape `OT1/ptm/b/n' tried instead on input line 154.
>>>>>>> origin/main


[69 <./fig/0406_vistasisometricas.pdf>]

<<<<<<< HEAD
[70])

[71]
=======
[69]

! LaTeX Error: Unicode character − (U+2212)
               not set up for use with LaTeX.

See the LaTeX manual or LaTeX Companion for explanation.
Type  H <return>  for immediate help.
 ...                                              
                                                  
l.217 ...utoref{dominioGuo}. Os pontos A ($x = −
                                                  d_1/2+R_t , y = 0, z$) e B...

You may provide a definition with
\DeclareUnicodeCharacter 


! LaTeX Error: Unicode character − (U+2212)
               not set up for use with LaTeX.

See the LaTeX manual or LaTeX Companion for explanation.
Type  H <return>  for immediate help.
 ...                                              
                                                  
l.217 ...= −d_1/2+R_t , y = 0, z$) e B ($x = −
                                                  d_1/2, y = R_t , z$) repre...

You may provide a definition with
\DeclareUnicodeCharacter 

<./fig/0407_dominioGuo.pdf, id=3140, 321.25752pt x 260.8756pt>
File: ./fig/0407_dominioGuo.pdf Graphic file (type pdf)
<use ./fig/0407_dominioGuo.pdf>
Package pdftex.def Info: ./fig/0407_dominioGuo.pdf  used on input line 221.
(pdftex.def)             Requested size: 321.25673pt x 260.87495pt.


[70]

! LaTeX Error: Unicode character − (U+2212)
               not set up for use with LaTeX.

See the LaTeX manual or LaTeX Companion for explanation.
Type  H <return>  for immediate help.
 ...                                              
                                                  
l.228 ...as de convergência, dadas por $U_B = −
                                                  u_y(B)/R_t$ , referem-se a...

You may provide a definition with
\DeclareUnicodeCharacter 

)

[71 <./fig/0407_dominioGuo.pdf>]
>>>>>>> origin/main
\openout2 = `./chap/cap5.aux'.

 (chap/cap5.tex)

[72
<<<<<<< HEAD
=======




]
\openout2 = `./chap/cap6.aux'.

 (chap/cap6.tex)

[73




]
\openout2 = `./chap/cap7.aux'.

 (chap/cap7.tex)

[74
>>>>>>> origin/main




] (main.bbl (main.brf)
\tf@brf=\write4
\openout4 = `main.brf'.


bibitemlist


<<<<<<< HEAD
[73
=======
[75
>>>>>>> origin/main



]

<<<<<<< HEAD
[74]

[75]

[76]

[77])

[78]
=======
[76]

[77]

[78]

[79])

[80]
>>>>>>> origin/main
\tf@lof=\write5
\openout5 = `main.lof'.

\tf@lot=\write6
\openout6 = `main.lot'.

\tf@toc=\write7
\openout7 = `main.toc'.

 (main.aux (chap/cap1.aux) (chap/cap2.aux) (chap/cap3.aux) (chap/cap4.aux)
(chap/cap5.aux) (chap/cap6.aux) (chap/cap7.aux))
 ***********
LaTeX2e <2024-06-01> patch level 2
L3 programming layer <2020/03/25>
 ***********
Package rerunfilecheck Info: File `main.brf' has not changed.
<<<<<<< HEAD
(rerunfilecheck)             Checksum: 18ACCDE650F04F533612BE08675A043A;12486.
 ) 
Here is how much of TeX's memory you used:
 25715 strings out of 473904
 427252 string characters out of 5725657
 1956908 words of memory out of 5000000
 47376 multiletter control sequences out of 15000+600000
 676303 words of font info for 459 fonts, out of 8000000 for 9000
=======
(rerunfilecheck)             Checksum: A928BB05DB3CDC08AEC63EFFCE6313E2;12534.
 ) 
Here is how much of TeX's memory you used:
 25790 strings out of 473899
 428143 string characters out of 5726501
 1956960 words of memory out of 5000000
 47418 multiletter control sequences out of 15000+600000
 676753 words of font info for 466 fonts, out of 8000000 for 9000
>>>>>>> origin/main
 1141 hyphenation exceptions out of 8191
 113i,17n,121p,1900b,724s stack positions out of 10000i,1000n,20000p,200000b,200000s

pdfTeX warning (dest): name{Hfootnote.1} has been referenced but does not exist
, replaced by a fixed one

<<<<<<< HEAD
<C:/Users/Usuario/AppData/Local/Programs/MiKTeX/fonts/type1/public/amsfonts/cm/
cmex10.pfb><C:/Users/Usuario/AppData/Local/Programs/MiKTeX/fonts/type1/public/a
msfonts/cm/cmmi10.pfb><C:/Users/Usuario/AppData/Local/Programs/MiKTeX/fonts/typ
e1/public/amsfonts/cm/cmr10.pfb><C:/Users/Usuario/AppData/Local/Programs/MiKTeX
/fonts/type1/public/amsfonts/cm/cmsy10.pfb><C:/Users/Usuario/AppData/Local/Prog
rams/MiKTeX/fonts/type1/urw/symbol/usyr.pfb><C:/Users/Usuario/AppData/Local/Pro
grams/MiKTeX/fonts/type1/urw/symbol/usyr.pfb><C:/Users/Usuario/AppData/Local/Pr
ograms/MiKTeX/fonts/type1/urw/times/utmb8a.pfb><C:/Users/Usuario/AppData/Local/
Programs/MiKTeX/fonts/type1/urw/times/utmr8a.pfb><C:/Users/Usuario/AppData/Loca
l/Programs/MiKTeX/fonts/type1/urw/times/utmri8a.pfb>
Output written on main.pdf (79 pages, 12876513 bytes).
PDF statistics:
 15522 PDF objects out of 18468 (max. 8388607)
 273 named destinations out of 1000 (max. 500000)
 112653 words of extra memory for PDF output out of 128383 (max. 10000000)
=======
<C:/Users/bianc/AppData/Local/Programs/MiKTeX/fonts/type1/public/amsfonts/cm/cm
ex10.pfb><C:/Users/bianc/AppData/Local/Programs/MiKTeX/fonts/type1/public/amsfo
nts/cm/cmmi10.pfb><C:/Users/bianc/AppData/Local/Programs/MiKTeX/fonts/type1/pub
lic/amsfonts/cm/cmr10.pfb><C:/Users/bianc/AppData/Local/Programs/MiKTeX/fonts/t
ype1/public/amsfonts/cm/cmsy10.pfb><C:/Users/bianc/AppData/Local/Programs/MiKTe
X/fonts/type1/urw/symbol/usyr.pfb><C:/Users/bianc/AppData/Local/Programs/MiKTeX
/fonts/type1/urw/symbol/usyr.pfb><C:/Users/bianc/AppData/Local/Programs/MiKTeX/
fonts/type1/urw/times/utmb8a.pfb><C:/Users/bianc/AppData/Local/Programs/MiKTeX/
fonts/type1/urw/times/utmr8a.pfb><C:/Users/bianc/AppData/Local/Programs/MiKTeX/
fonts/type1/urw/times/utmri8a.pfb>
Output written on main.pdf (81 pages, 11040940 bytes).
PDF statistics:
 3660 PDF objects out of 4296 (max. 8388607)
 287 named destinations out of 1000 (max. 500000)
 112749 words of extra memory for PDF output out of 128383 (max. 10000000)
>>>>>>> origin/main

