/BATCH  
/COM,ANSYS RELEASE 2022 R1           BUILD 22.1      UP20211129       20:58:29
/COM,ANSYS RELEASE 2022 R1           BUILD 22.1      UP20211129       20:58:30
/COM,ANSYS RELEASE 2022 R1           BUILD 22.1      UP20211129       21:08:47
/BATCH  
/COM,ANSYS RELEASE 2022 R1           BUILD 22.1      UP20211129       04:19:18
/COM,ANSYS RELEASE 2022 R1           BUILD 22.1      UP20211129       04:19:20
/BATCH  
/COM,ANSYS RELEASE 2022 R1           BUILD 22.1      UP20211129       09:26:49
/input,menust,tmp,''
/GRA,POWER
/GST,ON
/PLO,INFO,3
/GRO,CURL,ON
/CPLANE,1   
/REPLOT,RESIZE  
WPSTYLE,,,,,,,,0
RESUME  
/COM,ANSYS RELEASE 2022 R1           BUILD 22.1      UP20211129       09:26:53
/POST1  
/SHOW,WIN32C
SET,FIRST   
/PLOPTS,INFO,3  
/CONTOUR,ALL,18 
/PNUM,MAT,1 
/NUMBER,1   
/REPLOT,RESIZE  
! /UIS,ABORT,1  
/SHOW,WIN32 
/REPLOT,RESIZE  
FINISH  
/SOL
FINISH  
/POST1  
!*  
/DSCALE,ALL,1   
PLESOL, NL,SRAT, 0,1.0  
PLESOL, NL,SRAT, 0,1.0  
/VIEW,1,,,1 
/ANG,1  
/REP,FAST   
/ZOOM,1,SCRN,0.967093,-0.696729,1.131503,-0.785047  
/FOC,   1,  0.367095443854E-01,  0.790155366055    ,   38.3333370508
/REPLO  
/REPLO  
/REPLOT,RESIZE  
FINISH  
! /EXIT,NOSAV   
/BATCH  
/COM,ANSYS RELEASE 2022 R1           BUILD 22.1      UP20211129       10:07:57
/input,menust,tmp,''
/GRA,POWER
/GST,ON
/PLO,INFO,3
/GRO,CURL,ON
/CPLANE,1   
/REPLOT,RESIZE  
WPSTYLE,,,,,,,,0
RESUME  
/COM,ANSYS RELEASE 2022 R1           BUILD 22.1      UP20211129       10:08:47
/POST1  
!*  
/DSCALE,ALL,1   
PLESOL, NL,SRAT, 0,1.0  
/VIEW,1,,,1 
/ANG,1  
/REP,FAST   
/ZOOM,1,SCRN,0.245651,-0.296846,0.356076,-0.372897  
/DIST, 1 ,0.924021,1
/REP,FAST   
/DIST, 1 ,0.924021,1
/REP,FAST   
/DIST, 1 ,0.924021,1
/REP,FAST   
/DIST, 1 ,1.082226,1
/REP,FAST   
/DIST, 1 ,1.082226,1
/REP,FAST   
!*  
/EFACET,1   
PLNSOL, NL,SRAT, 0,1.0  
!*  
PLESOL, NL,SRAT, 0,1.0  
PLESOL, NL,SRAT, 0,1.0  
SET,LIST,999
SET,,, ,,, ,198 
/DIST, 1 ,1.082226,1
/REP,FAST   
SET,LIST,999
SET,,, ,,, ,2   
/DIST, 1 ,1.082226,1
/REP,FAST   
/DIST, 1 ,1.082226,1
/REP,FAST   
SET,LIST,999
SET,,, ,,, ,198 
/DIST, 1 ,0.924021,1
/REP,FAST   
!*  
PLESOL, NL,SRAT, 0,1.0  
/REPLOT,RESIZE  
/SHOW,WIN32C
SET,FIRST   
/PLOPTS,INFO,3  
/CONTOUR,ALL,18 
/PNUM,MAT,1 
/NUMBER,1   
/REPLOT,RESIZE  
PLNSOL,NL,SRAT  
! /UIS,ABORT,1  
/SHOW,WIN32 
/REPLOT,RESIZE  
!*  
PLESOL, NL,SRAT, 0,1.0  
PLESOL, NL,SRAT, 0,1.0  
/USER,  1   
/FOC,   1,  -5.93839988421    ,   7.36659987221    ,   38.3333370508
/REPLO  
/REPLO  
/EXPAND,1,RECT,FULL,1,0,0, ,RECT,FULL,,,, ,RECT,FULL,,,,
/REPLOT 
!*  
/AUTO,1 
/REP,FAST   
/DIST, 1 ,1.082226,1
/REP,FAST   
/DIST, 1 ,1.082226,1
/REP,FAST   
/DIST, 1 ,1.082226,1
/REP,FAST   
/DIST, 1 ,1.082226,1
/REP,FAST   
/DIST, 1 ,1.082226,1
/REP,FAST   
/DIST, 1 ,1.082226,1
/REP,FAST   
/DIST, 1 ,1.082226,1
/REP,FAST   
/DIST, 1 ,1.082226,1
/REP,FAST   
/DIST, 1 ,1.082226,1
/REP,FAST   
/DIST, 1 ,1.082226,1
/REP,FAST   
/DIST, 1 ,1.082226,1
/REP,FAST   
/DIST, 1 ,1.082226,1
/REP,FAST   
/DIST, 1 ,1.082226,1
/REP,FAST   
/DIST, 1 ,1.082226,1
/REP,FAST   
/DIST, 1 ,1.082226,1
/REP,FAST   
/DIST, 1 ,1.082226,1
/REP,FAST   
/DIST, 1 ,1.082226,1
/REP,FAST   
/DIST, 1 ,1.082226,1
/REP,FAST   
/DIST, 1 ,0.924021,1
/REP,FAST   
/DIST, 1 ,0.924021,1
/REP,FAST   
/DIST, 1 ,0.924021,1
/REP,FAST   
/DIST, 1 ,0.924021,1
/REP,FAST   
/DIST, 1 ,0.924021,1
/REP,FAST   
/DIST, 1 ,0.924021,1
/REP,FAST   
/DIST, 1 ,0.924021,1
/REP,FAST   
/DIST, 1 ,0.924021,1
/REP,FAST   
/DIST, 1 ,0.924021,1
/REP,FAST   
/DIST, 1 ,0.924021,1
/REP,FAST   
/DIST, 1 ,0.924021,1
/REP,FAST   
/DIST, 1 ,0.924021,1
/REP,FAST   
/DIST, 1 ,0.924021,1
/REP,FAST   
/DIST, 1 ,0.924021,1
/REP,FAST   
/DIST, 1 ,0.924021,1
/REP,FAST   
/DIST, 1 ,0.924021,1
/REP,FAST   
/EXPAND,1,RECT,FULL,10,0,0, ,RECT,FULL,,,, ,RECT,FULL,,,,   
/REPLOT 
!*  
/EXPAND,1,RECT,FULL,100,0,0, ,RECT,FULL,,,, ,RECT,FULL,,,,  
/REPLOT 
!*  
/EXPAND,1,RECT,FULL,100,100,0, ,RECT,FULL,,,, ,RECT,FULL,,,,
/REPLOT 
!*  
/AUTO,1 
/REP,FAST   
/DIST, 1 ,0.924021,1
/REP,FAST   
/DIST, 1 ,0.924021,1
/REP,FAST   
/DIST, 1 ,0.924021,1
/REP,FAST   
/DIST, 1 ,0.924021,1
/REP,FAST   
/USER,  1   
/FOC,   1,  -5.94976613317    ,   6.81004282957    ,   38.3333370508
/REPLO  
/DIST, 1 ,0.924021,1
/REP,FAST   
/DIST, 1 ,0.924021,1
/REP,FAST   
/DIST, 1 ,0.924021,1
/REP,FAST   
/FOC,   1,  -1.17829685437    ,   1.91330824751    ,   38.3333370508
/REPLO  
/DIST, 1 ,0.924021,1
/REP,FAST   
/DIST, 1 ,0.924021,1
/REP,FAST   
/DIST, 1 ,0.924021,1
/REP,FAST   
/DIST, 1 ,0.924021,1
/REP,FAST   
/DIST, 1 ,0.924021,1
/REP,FAST   
/DIST, 1 ,0.924021,1
/REP,FAST   
/DIST, 1 ,0.924021,1
/REP,FAST   
/DIST, 1 ,0.924021,1
/REP,FAST   
/DIST, 1 ,0.924021,1
/REP,FAST   
/DIST, 1 ,0.924021,1
/REP,FAST   
/DIST, 1 ,0.924021,1
/REP,FAST   
/DIST, 1 ,0.924021,1
/REP,FAST   
/DIST, 1 ,0.924021,1
/REP,FAST   
/FOC,   1, -0.220287146551    ,  0.160354314055    ,   38.3333370508
/REPLO  
/DIST, 1 ,0.924021,1
/REP,FAST   
/DIST, 1 ,0.924021,1
/REP,FAST   
/DIST, 1 ,0.924021,1
/REP,FAST   
/DIST, 1 ,0.924021,1
/REP,FAST   
/DIST, 1 ,0.924021,1
/REP,FAST   
/DIST, 1 ,0.924021,1
/REP,FAST   
SET,LIST,999
SET,,, ,,, ,198 
/DIST, 1 ,1.082226,1
/REP,FAST   
/FOC,   1,  0.457991294019    ,  0.440453103278    ,   38.3333370508
/REPLO  
/DIST, 1 ,1.082226,1
/REP,FAST   
/DIST, 1 ,1.082226,1
/REP,FAST   
/DIST, 1 ,1.082226,1
/REP,FAST   
/DIST, 1 ,1.082226,1
/REP,FAST   
/DIST, 1 ,1.082226,1
/REP,FAST   
/DIST, 1 ,1.082226,1
/REP,FAST   
/DIST, 1 ,1.082226,1
/REP,FAST   
/DIST, 1 ,1.082226,1
/REP,FAST   
/FOC,   1,  0.432155324011    ,  0.822825459402    ,   38.3333370508
/REPLO  
/FOC,   1,  0.333978637979    ,   1.33437766557    ,   38.3333370508
/REPLO  
/EXPAND,1,RECT,FULL,0,0.1,0, ,RECT,FULL,,,, ,RECT,FULL,,,,  
/REPLOT 
!*  
/EXPAND,1,RECT,FULL,0,100,0, ,RECT,FULL,,,, ,RECT,FULL,,,,  
/REPLOT 
!*  
/EXPAND,1,POLAR,FULL,0,100,0, ,RECT,FULL,,,, ,RECT,FULL,,,, 
/REPLOT 
!*  
/EXPAND,1,POLAR,FULL,0,0.01,0, ,RECT,FULL,,,, ,RECT,FULL,,,,
/REPLOT 
!*  
/AUTO,1 
/REP,FAST   
/EXPAND,1,RECT,HALF,0,100,0, ,RECT,FULL,,,, ,RECT,FULL,,,,  
/REPLOT 
!*  
/EXPAND,1,RECT,HALF,0,-10,0, ,RECT,FULL,,,, ,RECT,FULL,,,,  
/REPLOT 
!*  
/EXPAND,1,RECT,HALF,0,-1,0, ,RECT,FULL,,,, ,RECT,FULL,,,,   
/REPLOT 
!*  
/EXPAND,1,RECT,HALF,0,-0.5,0, ,RECT,FULL,,,, ,RECT,FULL,,,, 
/REPLOT 
!*  
/EXPAND,1,RECT,HALF,0,-0.1,0, ,RECT,FULL,,,, ,RECT,FULL,,,, 
/REPLOT 
!*  
/EXPAND,1,RECT,HALF,0,-0.05,0, ,RECT,FULL,,,, ,RECT,FULL,,,,
/REPLOT 
!*  
/DIST, 1 ,0.924021,1
/REP,FAST   
/DIST, 1 ,0.924021,1
/REP,FAST   
/DIST, 1 ,0.924021,1
/REP,FAST   
/DIST, 1 ,0.924021,1
/REP,FAST   
/DIST, 1 ,0.924021,1
/REP,FAST   
/DIST, 1 ,0.924021,1
/REP,FAST   
/DIST, 1 ,0.924021,1
/REP,FAST   
/DIST, 1 ,0.924021,1
/REP,FAST   
/DIST, 1 ,0.924021,1
/REP,FAST   
/DIST, 1 ,0.924021,1
/REP,FAST   
/DIST, 1 ,0.924021,1
/REP,FAST   
/USER,  1   
/FOC,   1,  -5.57083458932    ,  0.498690522944E-01,   38.3333280279
/REPLO  
/FOC,   1,   1.95263401686    , -0.266382946638    ,   38.3333280279
/REPLO  
/DIST, 1 ,0.924021,1
/REP,FAST   
/DIST, 1 ,0.924021,1
/REP,FAST   
/DIST, 1 ,0.924021,1
/REP,FAST   
/DIST, 1 ,0.924021,1
/REP,FAST   
/DIST, 1 ,0.924021,1
/REP,FAST   
/DIST, 1 ,0.924021,1
/REP,FAST   
/DIST, 1 ,0.924021,1
/REP,FAST   
/DIST, 1 ,0.924021,1
/REP,FAST   
/DIST, 1 ,0.924021,1
/REP,FAST   
/DIST, 1 ,0.924021,1
/REP,FAST   
/DIST, 1 ,0.924021,1
/REP,FAST   
/DIST, 1 ,0.924021,1
/REP,FAST   
/DIST, 1 ,0.924021,1
/REP,FAST   
/DIST, 1 ,0.924021,1
/REP,FAST   
/DIST, 1 ,0.924021,1
/REP,FAST   
/FOC,   1,   1.61685679203    ,  0.242370424316    ,   38.3333280279
/REPLO  
/EXPAND,1,RECT,HALF,0,-0.01,0, ,RECT,FULL,,,, ,RECT,FULL,,,,
/REPLOT 
!*  
/EXPAND,1,RECT,HALF,0,-0.000001,0, ,RECT,FULL,,,, ,RECT,FULL,,,,
/REPLOT 
!*  
/EXPAND,1,RECT,HALF,0,-1e-06,0,1,RECT,FULL,-0.00001,0,0, ,RECT,FULL,,,, 
/REPLOT 
!*  
/EXPAND,1,RECT,HALF,0,-1e-06,0,1,RECT,HALF,-1e-05,0,0, ,RECT,FULL,,,,   
/REPLOT 
!*  
/EXPAND,1,RECT,HALF,0,-1e-06,0,1,RECT,HALF,1,0,0, ,RECT,FULL,,,,
/REPLOT 
!*  
/EXPAND,1,RECT,HALF,0,-1e-06,0,1,RECT,HALF,4,0,0, ,RECT,FULL,,,,
/REPLOT 
!*  
/DIST, 1 ,1.082226,1
/REP,FAST   
/EXPAND,1,RECT,HALF,0,-1e-06,0,1,RECT,HALF,2,0,0, ,RECT,FULL,,,,
/REPLOT 
!*  
/EXPAND,1,RECT,HALF,0,-1e-06,0,1,RECT,HALF,1,0,0, ,RECT,FULL,,,,
/REPLOT 
!*  
/EXPAND,1,RECT,HALF,0,-1e-06,0,1,RECT,HALF,3,0,0, ,RECT,FULL,,,,
/REPLOT 
!*  
/EXPAND,1,RECT,HALF,0,-1e-06,0,1,RECT,HALF,2.5,0,0, ,RECT,FULL,,,,  
/REPLOT 
!*  
/EXPAND,1,RECT,HALF,0,-1e-06,0,1,RECT,HALF,2.5,0,0, ,RECT,FULL,,,,  
/REPLOT 
!*  
/FOC,   1,   2.28306600405    ,  0.170794227984    ,   38.3333280279
/REPLO  
/DIST, 1 ,1.082226,1
/REP,FAST   
/DIST, 1 ,1.082226,1
/REP,FAST   
/DIST, 1 ,1.082226,1
/REP,FAST   
/DIST, 1 ,1.082226,1
/REP,FAST   
/DIST, 1 ,1.082226,1
/REP,FAST   
/DIST, 1 ,1.082226,1
/REP,FAST   
/DIST, 1 ,0.924021,1
/REP,FAST   
/DIST, 1 ,0.924021,1
/REP,FAST   
FINISH  
! /EXIT,NOSAV   
/BATCH  
/COM,ANSYS RELEASE 2022 R1           BUILD 22.1      UP20211129       15:42:50
/input,menust,tmp,''
/GRA,POWER
/GST,ON
/PLO,INFO,3
/GRO,CURL,ON
/CPLANE,1   
/REPLOT,RESIZE  
WPSTYLE,,,,,,,,0
RESUME  
/COM,ANSYS RELEASE 2022 R1           BUILD 22.1      UP20211129       15:43:50
/REPLOT,RESIZE  
/POST1  
SET,LIST,999
SET,,, ,,, ,198 
!*  
/DSCALE,ALL,0   
PLESOL, NL,SRAT, 0,1.0  
!*  
/DSCALE,ALL,1   
PLESOL, NL,SRAT, 0,1.0  
PLESOL, NL,SRAT, 0,1.0  
/VIEW,1,,,1 
/ANG,1  
/REP,FAST   
/ZOOM,1,SCRN,0.301079,-0.287778,0.384062,-0.381111  
/REPLOT,RESIZE  
/REPLOT,RESIZE  
!*  
/EFACET,1   
PLNSOL, U,SUM, 0,1.0
/EFACET,1   
PLNSOL, U,SUM, 0,1.0
ESEL,S,LIVE 
/DIST, 1 ,1.082226,1
/REP,FAST   
FINISH  
! /EXIT,NOSAV   
