This is pdfTeX, Version 3.141592653-2.6-1.40.26 (MiKTeX 24.4) (preloaded format=pdflatex 2024.9.7)  10 SEP 2024 09:42
entering extended mode
 restricted \write18 enabled.
 %&-line parsing enabled.
**./siglas.tex
(siglas.tex
LaTeX2e <2024-06-01> patch level 2
L3 programming layer <2024-08-16>

! LaTeX Error: Lonely \item--perhaps a missing list environment.

See the LaTeX manual or LaTeX Companion for explanation.
Type  H <return>  for immediate help.
 ...                                              
                                                  
l.13 \item[2D]
               						Espaço bidimensional
Try typing  <return>  to proceed.
If that doesn't work, type  X <return>  to quit.

Missing character: There is no E in font nullfont!
Missing character: There is no s in font nullfont!
Missing character: There is no p in font nullfont!
Missing character: There is no a in font nullfont!
LaTeX Font Info:    Trying to load font information for +cmr on input line 13.
LaTeX Font Info:    No file cmr.fd. on input line 13.

LaTeX Font Warning: Font shape `/cmr/m/n' undefined
(Font)              using `/cmr/m/n' instead on input line 13.

! Corrupted NFSS tables.
wrong@fontshape ...message {Corrupted NFSS tables}
                                                  error@fontshape else let f...
l.13 \item[2D] 						Espaç
                           o bidimensional
This error message was generated by an \errmessage
command, so I can't give any explicit help.
Pretend that you're Hercule Poirot: Examine all clues,
and deduce the truth by order and method.


LaTeX Font Warning: Font shape `/cmr/m/n' undefined
(Font)              using `OT1/cmr/m/n' instead on input line 13.

Missing character: There is no o in font nullfont!
Missing character: There is no b in font nullfont!
Missing character: There is no i in font nullfont!
Missing character: There is no d in font nullfont!
Missing character: There is no i in font nullfont!
Missing character: There is no m in font nullfont!
Missing character: There is no e in font nullfont!
Missing character: There is no n in font nullfont!
Missing character: There is no s in font nullfont!
Missing character: There is no i in font nullfont!
Missing character: There is no o in font nullfont!
Missing character: There is no n in font nullfont!
Missing character: There is no a in font nullfont!
Missing character: There is no l in font nullfont!

Overfull \hbox (8.88889pt too wide) in paragraph at lines 13--14
\/cmr/m/n/10 ^^Xc 
 []


! LaTeX Error: Lonely \item--perhaps a missing list environment.

See the LaTeX manual or LaTeX Companion for explanation.
Type  H <return>  for immediate help.
 ...                                              
                                                  
l.14 \item[3D]
               						Espaço tridimensional
Try typing  <return>  to proceed.
If that doesn't work, type  X <return>  to quit.

Missing character: There is no E in font nullfont!
Missing character: There is no s in font nullfont!
Missing character: There is no p in font nullfont!
Missing character: There is no a in font nullfont!
Missing character: There is no o in font nullfont!
Missing character: There is no t in font nullfont!
Missing character: There is no r in font nullfont!
Missing character: There is no i in font nullfont!
Missing character: There is no d in font nullfont!
Missing character: There is no i in font nullfont!
Missing character: There is no m in font nullfont!
Missing character: There is no e in font nullfont!
Missing character: There is no n in font nullfont!
Missing character: There is no s in font nullfont!
Missing character: There is no i in font nullfont!
Missing character: There is no o in font nullfont!
Missing character: There is no n in font nullfont!
Missing character: There is no a in font nullfont!
Missing character: There is no l in font nullfont!

Overfull \hbox (4.44444pt too wide) in paragraph at lines 14--16
\/cmr/m/n/10 ^^Xc 
 []


! LaTeX Error: Lonely \item--perhaps a missing list environment.

See the LaTeX manual or LaTeX Companion for explanation.
Type  H <return>  for immediate help.
 ...                                              
                                                  
l.16 \item[ABNT]
                 					Associação Brasileira de Normas Técnicas
Try typing  <return>  to proceed.
If that doesn't work, type  X <return>  to quit.

Missing character: There is no A in font nullfont!
Missing character: There is no s in font nullfont!
Missing character: There is no s in font nullfont!
Missing character: There is no o in font nullfont!
Missing character: There is no c in font nullfont!
Missing character: There is no i in font nullfont!
Missing character: There is no a in font nullfont!
Missing character: There is no o in font nullfont!
Missing character: There is no B in font nullfont!
Missing character: There is no r in font nullfont!
Missing character: There is no a in font nullfont!
Missing character: There is no s in font nullfont!
Missing character: There is no i in font nullfont!
Missing character: There is no l in font nullfont!
Missing character: There is no e in font nullfont!
Missing character: There is no i in font nullfont!
Missing character: There is no r in font nullfont!
Missing character: There is no a in font nullfont!
Missing character: There is no d in font nullfont!
Missing character: There is no e in font nullfont!
Missing character: There is no N in font nullfont!
Missing character: There is no o in font nullfont!
Missing character: There is no r in font nullfont!
Missing character: There is no m in font nullfont!
Missing character: There is no a in font nullfont!
Missing character: There is no s in font nullfont!
Missing character: There is no T in font nullfont!
Missing character: There is no c in font nullfont!
Missing character: There is no n in font nullfont!
Missing character: There is no i in font nullfont!
Missing character: There is no c in font nullfont!
Missing character: There is no a in font nullfont!
Missing character: There is no s in font nullfont!

Overfull \hbox (9.44446pt too wide) in paragraph at lines 16--17
\/cmr/m/n/10 ^^Xc~a
 []


Overfull \hbox (4.44444pt too wide) in paragraph at lines 16--17
\/cmr/m/n/10 ^^Se 
 []


! LaTeX Error: Lonely \item--perhaps a missing list environment.

See the LaTeX manual or LaTeX Companion for explanation.
Type  H <return>  for immediate help.
 ...                                              
                                                  
l.17 \item[AFTES]
                  					\textit{Association Française des Tunnels et de L'es...

Try typing  <return>  to proceed.
If that doesn't work, type  X <return>  to quit.


Overfull \hbox (50.1108pt too wide) in paragraph at lines 17--18
\OT1/cmr/m/it/10 Association
 []


Overfull \hbox (41.66637pt too wide) in paragraph at lines 17--18
\OT1/cmr/m/it/10 Fran^^Xcaise
 []


Overfull \hbox (13.79991pt too wide) in paragraph at lines 17--18
\OT1/cmr/m/it/10 des
 []


Overfull \hbox (20.95541pt too wide) in paragraph at lines 17--18
\OT1/cmr/m/it/10 Tun-
 []


Overfull \hbox (16.86656pt too wide) in paragraph at lines 17--18
\OT1/cmr/m/it/10 nels
 []


Overfull \hbox (7.92215pt too wide) in paragraph at lines 17--18
\OT1/cmr/m/it/10 et
 []


Overfull \hbox (9.71104pt too wide) in paragraph at lines 17--18
\OT1/cmr/m/it/10 de
 []


Overfull \hbox (36.42749pt too wide) in paragraph at lines 17--18
\OT1/cmr/m/it/10 L'espace
 []


Overfull \hbox (31.81644pt too wide) in paragraph at lines 17--18
\OT1/cmr/m/it/10 Souter-
 []


Overfull \hbox (18.27257pt too wide) in paragraph at lines 17--18
\OT1/cmr/m/it/10 rain 
 []


! LaTeX Error: Lonely \item--perhaps a missing list environment.

See the LaTeX manual or LaTeX Companion for explanation.
Type  H <return>  for immediate help.
 ...                                              
                                                  
l.18 \item[ANSYS]
                  					\textit{Analysis System Software}
Try typing  <return>  to proceed.
If that doesn't work, type  X <return>  to quit.


Overfull \hbox (36.56644pt too wide) in paragraph at lines 18--19
\OT1/cmr/m/it/10 Analysis
 []


Overfull \hbox (18.14432pt too wide) in paragraph at lines 18--19
\OT1/cmr/m/it/10 Sys-
 []


Overfull \hbox (16.09988pt too wide) in paragraph at lines 18--19
\OT1/cmr/m/it/10 tem
 []


Overfull \hbox (20.69986pt too wide) in paragraph at lines 18--19
\OT1/cmr/m/it/10 Soft-
 []


Overfull \hbox (20.81235pt too wide) in paragraph at lines 18--19
\OT1/cmr/m/it/10 ware 
 []


! LaTeX Error: Lonely \item--perhaps a missing list environment.

See the LaTeX manual or LaTeX Companion for explanation.
Type  H <return>  for immediate help.
 ...                                              
                                                  
l.19 \item[APDL]
                 					\textit{Ansys Parametric Design Language}
Try typing  <return>  to proceed.
If that doesn't work, type  X <return>  to quit.


Overfull \hbox (25.83316pt too wide) in paragraph at lines 19--20
\OT1/cmr/m/it/10 Ansys
 []


Overfull \hbox (24.28871pt too wide) in paragraph at lines 19--20
\OT1/cmr/m/it/10 Para-
 []


Overfull \hbox (19.67763pt too wide) in paragraph at lines 19--20
\OT1/cmr/m/it/10 met-
 []


Overfull \hbox (11.88324pt too wide) in paragraph at lines 19--20
\OT1/cmr/m/it/10 ric
 []


Overfull \hbox (15.72765pt too wide) in paragraph at lines 19--20
\OT1/cmr/m/it/10 De-
 []


Overfull \hbox (17.37767pt too wide) in paragraph at lines 19--20
\OT1/cmr/m/it/10 sign
 []


Overfull \hbox (20.07207pt too wide) in paragraph at lines 19--20
\OT1/cmr/m/it/10 Lan-
 []


Overfull \hbox (25.02899pt too wide) in paragraph at lines 19--20
\OT1/cmr/m/it/10 guage 
 []


! LaTeX Error: Lonely \item--perhaps a missing list environment.

See the LaTeX manual or LaTeX Companion for explanation.
Type  H <return>  for immediate help.
 ...                                              
                                                  
l.20 \item[AXI]
                						Estado axissimétrico de deformações
Try typing  <return>  to proceed.
If that doesn't work, type  X <return>  to quit.

Missing character: There is no E in font nullfont!
Missing character: There is no s in font nullfont!
Missing character: There is no t in font nullfont!
Missing character: There is no a in font nullfont!
Missing character: There is no d in font nullfont!
Missing character: There is no o in font nullfont!
Missing character: There is no a in font nullfont!
Missing character: There is no x in font nullfont!
Missing character: There is no i in font nullfont!
Missing character: There is no s in font nullfont!
Missing character: There is no s in font nullfont!
Missing character: There is no i in font nullfont!
Missing character: There is no m in font nullfont!
Missing character: There is no t in font nullfont!
Missing character: There is no r in font nullfont!
Missing character: There is no i in font nullfont!
Missing character: There is no c in font nullfont!
Missing character: There is no o in font nullfont!
Missing character: There is no d in font nullfont!
Missing character: There is no e in font nullfont!
Missing character: There is no d in font nullfont!
Missing character: There is no e in font nullfont!
Missing character: There is no f in font nullfont!
Missing character: There is no o in font nullfont!
Missing character: There is no r in font nullfont!
Missing character: There is no m in font nullfont!
Missing character: There is no a in font nullfont!
Missing character: There is no e in font nullfont!
Missing character: There is no s in font nullfont!

Overfull \hbox (4.44444pt too wide) in paragraph at lines 20--23
\/cmr/m/n/10 ^^Se
 []


Overfull \hbox (9.44446pt too wide) in paragraph at lines 20--23
\/cmr/m/n/10 ^^Xc~o 
 []


! LaTeX Error: Lonely \item--perhaps a missing list environment.

See the LaTeX manual or LaTeX Companion for explanation.
Type  H <return>  for immediate help.
 ...                                              
                                                  
l.23 \item[CF]
               						Curva de confinamento do revestimento
Try typing  <return>  to proceed.
If that doesn't work, type  X <return>  to quit.

Missing character: There is no C in font nullfont!
Missing character: There is no u in font nullfont!
Missing character: There is no r in font nullfont!
Missing character: There is no v in font nullfont!
Missing character: There is no a in font nullfont!
Missing character: There is no d in font nullfont!
Missing character: There is no e in font nullfont!
Missing character: There is no c in font nullfont!
Missing character: There is no o in font nullfont!
Missing character: There is no n in font nullfont!
Missing character: There is no f in font nullfont!
Missing character: There is no i in font nullfont!
Missing character: There is no n in font nullfont!
Missing character: There is no a in font nullfont!
Missing character: There is no m in font nullfont!
Missing character: There is no e in font nullfont!
Missing character: There is no n in font nullfont!
Missing character: There is no t in font nullfont!
Missing character: There is no o in font nullfont!
Missing character: There is no d in font nullfont!
Missing character: There is no o in font nullfont!
Missing character: There is no r in font nullfont!
Missing character: There is no e in font nullfont!
Missing character: There is no v in font nullfont!
Missing character: There is no e in font nullfont!
Missing character: There is no s in font nullfont!
Missing character: There is no t in font nullfont!
Missing character: There is no i in font nullfont!
Missing character: There is no m in font nullfont!
Missing character: There is no e in font nullfont!
Missing character: There is no n in font nullfont!
Missing character: There is no t in font nullfont!
Missing character: There is no o in font nullfont!

! LaTeX Error: Lonely \item--perhaps a missing list environment.

See the LaTeX manual or LaTeX Companion for explanation.
Type  H <return>  for immediate help.
 ...                                              
                                                  
l.24 \item[CV]
               						Curva de convergência do maciço
Try typing  <return>  to proceed.
If that doesn't work, type  X <return>  to quit.

Missing character: There is no C in font nullfont!
Missing character: There is no u in font nullfont!
Missing character: There is no r in font nullfont!
Missing character: There is no v in font nullfont!
Missing character: There is no a in font nullfont!
Missing character: There is no d in font nullfont!
Missing character: There is no e in font nullfont!
Missing character: There is no c in font nullfont!
Missing character: There is no o in font nullfont!
Missing character: There is no n in font nullfont!
Missing character: There is no v in font nullfont!
Missing character: There is no e in font nullfont!
Missing character: There is no r in font nullfont!
Missing character: There is no g in font nullfont!
Missing character: There is no n in font nullfont!
Missing character: There is no c in font nullfont!
Missing character: There is no i in font nullfont!
Missing character: There is no a in font nullfont!
Missing character: There is no d in font nullfont!
Missing character: There is no o in font nullfont!
Missing character: There is no m in font nullfont!
Missing character: There is no a in font nullfont!
Missing character: There is no c in font nullfont!
Missing character: There is no i in font nullfont!
Missing character: There is no o in font nullfont!

Overfull \hbox (4.44444pt too wide) in paragraph at lines 24--25
\/cmr/m/n/10 ^e
 []


Overfull \hbox (4.44444pt too wide) in paragraph at lines 24--25
\/cmr/m/n/10 ^^Xc 
 []


! LaTeX Error: Lonely \item--perhaps a missing list environment.

See the LaTeX manual or LaTeX Companion for explanation.
Type  H <return>  for immediate help.
 ...                                              
                                                  
l.25 \item[CV-CF]
                  					Método Convergência-Confinamento
Try typing  <return>  to proceed.
If that doesn't work, type  X <return>  to quit.

Missing character: There is no M in font nullfont!
Missing character: There is no t in font nullfont!
Missing character: There is no o in font nullfont!
Missing character: There is no d in font nullfont!
Missing character: There is no o in font nullfont!
Missing character: There is no C in font nullfont!
Missing character: There is no o in font nullfont!
Missing character: There is no n in font nullfont!
Missing character: There is no v in font nullfont!
Missing character: There is no e in font nullfont!
Missing character: There is no r in font nullfont!
Missing character: There is no g in font nullfont!
Missing character: There is no n in font nullfont!
Missing character: There is no c in font nullfont!
Missing character: There is no i in font nullfont!
Missing character: There is no a in font nullfont!
Missing character: There is no - in font nullfont!
Missing character: There is no C in font nullfont!
Missing character: There is no o in font nullfont!
Missing character: There is no n in font nullfont!
Missing character: There is no f in font nullfont!
Missing character: There is no i in font nullfont!
Missing character: There is no n in font nullfont!
Missing character: There is no a in font nullfont!
Missing character: There is no m in font nullfont!
Missing character: There is no e in font nullfont!
Missing character: There is no n in font nullfont!
Missing character: There is no t in font nullfont!
Missing character: There is no o in font nullfont!

Overfull \hbox (4.44444pt too wide) in paragraph at lines 25--27
\/cmr/m/n/10 ^^Se
 []


Overfull \hbox (4.44444pt too wide) in paragraph at lines 25--27
\/cmr/m/n/10 ^e 
 []


! LaTeX Error: Lonely \item--perhaps a missing list environment.

See the LaTeX manual or LaTeX Companion for explanation.
Type  H <return>  for immediate help.
 ...                                              
                                                  
l.27 \item[DP]
               						Drucker-Prager
Try typing  <return>  to proceed.
If that doesn't work, type  X <return>  to quit.

Missing character: There is no D in font nullfont!
Missing character: There is no r in font nullfont!
Missing character: There is no u in font nullfont!
Missing character: There is no c in font nullfont!
Missing character: There is no k in font nullfont!
Missing character: There is no e in font nullfont!
Missing character: There is no r in font nullfont!
Missing character: There is no - in font nullfont!
Missing character: There is no P in font nullfont!
Missing character: There is no r in font nullfont!
Missing character: There is no a in font nullfont!
Missing character: There is no g in font nullfont!
Missing character: There is no e in font nullfont!
Missing character: There is no r in font nullfont!

! LaTeX Error: Lonely \item--perhaps a missing list environment.

See the LaTeX manual or LaTeX Companion for explanation.
Type  H <return>  for immediate help.
 ...                                              
                                                  
l.29 \item[E]
              						Comportamento elástico
Try typing  <return>  to proceed.
If that doesn't work, type  X <return>  to quit.

Missing character: There is no C in font nullfont!
Missing character: There is no o in font nullfont!
Missing character: There is no m in font nullfont!
Missing character: There is no p in font nullfont!
Missing character: There is no o in font nullfont!
Missing character: There is no r in font nullfont!
Missing character: There is no t in font nullfont!
Missing character: There is no a in font nullfont!
Missing character: There is no m in font nullfont!
Missing character: There is no e in font nullfont!
Missing character: There is no n in font nullfont!
Missing character: There is no t in font nullfont!
Missing character: There is no o in font nullfont!
Missing character: There is no e in font nullfont!
Missing character: There is no l in font nullfont!
Missing character: There is no s in font nullfont!
Missing character: There is no t in font nullfont!
Missing character: There is no i in font nullfont!
Missing character: There is no c in font nullfont!
Missing character: There is no o in font nullfont!

Overfull \hbox (5.00002pt too wide) in paragraph at lines 29--30
\/cmr/m/n/10 ^^Sa 
 []


! LaTeX Error: Lonely \item--perhaps a missing list environment.

See the LaTeX manual or LaTeX Companion for explanation.
Type  H <return>  for immediate help.
 ...                                              
                                                  
l.30 \item[EP]
               						Comportamento elastoplástico
Try typing  <return>  to proceed.
If that doesn't work, type  X <return>  to quit.

Missing character: There is no C in font nullfont!
Missing character: There is no o in font nullfont!
Missing character: There is no m in font nullfont!
Missing character: There is no p in font nullfont!
Missing character: There is no o in font nullfont!
Missing character: There is no r in font nullfont!
Missing character: There is no t in font nullfont!
Missing character: There is no a in font nullfont!
Missing character: There is no m in font nullfont!
Missing character: There is no e in font nullfont!
Missing character: There is no n in font nullfont!
Missing character: There is no t in font nullfont!
Missing character: There is no o in font nullfont!
Missing character: There is no e in font nullfont!
Missing character: There is no l in font nullfont!
Missing character: There is no a in font nullfont!
Missing character: There is no s in font nullfont!
Missing character: There is no t in font nullfont!
Missing character: There is no o in font nullfont!
Missing character: There is no p in font nullfont!
Missing character: There is no l in font nullfont!
Missing character: There is no s in font nullfont!
Missing character: There is no t in font nullfont!
Missing character: There is no i in font nullfont!
Missing character: There is no c in font nullfont!
Missing character: There is no o in font nullfont!

Overfull \hbox (5.00002pt too wide) in paragraph at lines 30--33
\/cmr/m/n/10 ^^Sa 
 []


! LaTeX Error: Lonely \item--perhaps a missing list environment.

See the LaTeX manual or LaTeX Companion for explanation.
Type  H <return>  for immediate help.
 ...                                              
                                                  
l.33 \item[FORTRAN]
                    					\textit{Formula Translation}
Try typing  <return>  to proceed.
If that doesn't work, type  X <return>  to quit.


Overfull \hbox (36.29977pt too wide) in paragraph at lines 33--37
\OT1/cmr/m/it/10 Formula
 []


Overfull \hbox (28.49423pt too wide) in paragraph at lines 33--37
\OT1/cmr/m/it/10 Trans-
 []


Overfull \hbox (11.24437pt too wide) in paragraph at lines 33--37
\OT1/cmr/m/it/10 la-
 []


Overfull \hbox (17.88925pt too wide) in paragraph at lines 33--37
\OT1/cmr/m/it/10 tion 
 []


! LaTeX Error: Lonely \item--perhaps a missing list environment.

See the LaTeX manual or LaTeX Companion for explanation.
Type  H <return>  for immediate help.
 ...                                              
                                                  
l.37 \item[ITA]
                						\textit{International Tunneling and Underground Space ...

Try typing  <return>  to proceed.
If that doesn't work, type  X <return>  to quit.


Overfull \hbox (57.13852pt too wide) in paragraph at lines 37--42
\OT1/cmr/m/it/10 International
 []


Overfull \hbox (20.95541pt too wide) in paragraph at lines 37--42
\OT1/cmr/m/it/10 Tun-
 []


Overfull \hbox (16.35544pt too wide) in paragraph at lines 37--42
\OT1/cmr/m/it/10 nel-
 []


Overfull \hbox (13.2888pt too wide) in paragraph at lines 37--42
\OT1/cmr/m/it/10 ing
 []


Overfull \hbox (15.84436pt too wide) in paragraph at lines 37--42
\OT1/cmr/m/it/10 and
 []


Overfull \hbox (16.63322pt too wide) in paragraph at lines 37--42
\OT1/cmr/m/it/10 Un-
 []


Overfull \hbox (17.50542pt too wide) in paragraph at lines 37--42
\OT1/cmr/m/it/10 der-
 []


Overfull \hbox (29.51646pt too wide) in paragraph at lines 37--42
\OT1/cmr/m/it/10 ground
 []


Overfull \hbox (24.02203pt too wide) in paragraph at lines 37--42
\OT1/cmr/m/it/10 Space
 []


Overfull \hbox (15.0999pt too wide) in paragraph at lines 37--42
\OT1/cmr/m/it/10 As-
 []


Overfull \hbox (12.7777pt too wide) in paragraph at lines 37--42
\OT1/cmr/m/it/10 so-
 []


Overfull \hbox (11.24435pt too wide) in paragraph at lines 37--42
\OT1/cmr/m/it/10 ci-
 []


Overfull \hbox (8.68883pt too wide) in paragraph at lines 37--42
\OT1/cmr/m/it/10 a-
 []


Overfull \hbox (17.88925pt too wide) in paragraph at lines 37--42
\OT1/cmr/m/it/10 tion 
 []


! LaTeX Error: Lonely \item--perhaps a missing list environment.

See the LaTeX manual or LaTeX Companion for explanation.
Type  H <return>  for immediate help.
 ...                                              
                                                  
l.42 \item[MC]
              						Mohr-Coulomb
Try typing  <return>  to proceed.
If that doesn't work, type  X <return>  to quit.

Missing character: There is no M in font nullfont!
Missing character: There is no o in font nullfont!
Missing character: There is no h in font nullfont!
Missing character: There is no r in font nullfont!
Missing character: There is no - in font nullfont!
Missing character: There is no C in font nullfont!
Missing character: There is no o in font nullfont!
Missing character: There is no u in font nullfont!
Missing character: There is no l in font nullfont!
Missing character: There is no o in font nullfont!
Missing character: There is no m in font nullfont!
Missing character: There is no b in font nullfont!

! LaTeX Error: Lonely \item--perhaps a missing list environment.

See the LaTeX manual or LaTeX Companion for explanation.
Type  H <return>  for immediate help.
 ...                                              
                                                  
l.44 \item[NATM]
                 					\textit{New Austrian Tunneling Method}
Try typing  <return>  to proceed.
If that doesn't work, type  X <return>  to quit.


Overfull \hbox (18.67766pt too wide) in paragraph at lines 44--45
\OT1/cmr/m/it/10 New
 []


Overfull \hbox (20.21097pt too wide) in paragraph at lines 44--45
\OT1/cmr/m/it/10 Aus-
 []


Overfull \hbox (21.33875pt too wide) in paragraph at lines 44--45
\OT1/cmr/m/it/10 trian
 []


Overfull \hbox (20.95541pt too wide) in paragraph at lines 44--45
\OT1/cmr/m/it/10 Tun-
 []


Overfull \hbox (16.35544pt too wide) in paragraph at lines 44--45
\OT1/cmr/m/it/10 nel-
 []


Overfull \hbox (13.2888pt too wide) in paragraph at lines 44--45
\OT1/cmr/m/it/10 ing
 []


Overfull \hbox (32.74423pt too wide) in paragraph at lines 44--45
\OT1/cmr/m/it/10 Method 
 []


! LaTeX Error: Lonely \item--perhaps a missing list environment.

See the LaTeX manual or LaTeX Companion for explanation.
Type  H <return>  for immediate help.
 ...                                              
                                                  
l.45 \item[NIM]
                						\textit{New Implicit Method}
Try typing  <return>  to proceed.
If that doesn't work, type  X <return>  to quit.


Overfull \hbox (18.67766pt too wide) in paragraph at lines 45--53
\OT1/cmr/m/it/10 New
 []


Overfull \hbox (15.61101pt too wide) in paragraph at lines 45--53
\OT1/cmr/m/it/10 Im-
 []


Overfull \hbox (21.72208pt too wide) in paragraph at lines 45--53
\OT1/cmr/m/it/10 plicit
 []


Overfull \hbox (32.74423pt too wide) in paragraph at lines 45--53
\OT1/cmr/m/it/10 Method 
 []


! LaTeX Error: Lonely \item--perhaps a missing list environment.

See the LaTeX manual or LaTeX Companion for explanation.
Type  H <return>  for immediate help.
 ...                                              
                                                  
l.53 \item[USERMAT]
                    					\textit{User Defined Material Constitutive Model}
Try typing  <return>  to proceed.
If that doesn't work, type  X <return>  to quit.

)
! Emergency stop.
<*> ./siglas.tex
                
*** (job aborted, no legal \end found)

 
Here is how much of TeX's memory you used:
 34 strings out of 473899
 528 string characters out of 5726501
 1928960 words of memory out of 5000000
 23006 multiletter control sequences out of 15000+600000
 558415 words of font info for 37 fonts, out of 8000000 for 9000
 1141 hyphenation exceptions out of 8191
 23i,1n,32p,135b,89s stack positions out of 10000i,1000n,20000p,200000b,200000s
!  ==> Fatal error occurred, no output PDF file produced!
